Archive member included to satisfy reference by file (symbol)

/Users/njwolff/Library/Application Support/Code/User/globalStorage/vexrobotics.vexcode/sdk/cpp/V5/V5_20240802_15_00_00/vexv5/libv5rt.a(v5_startup.c.obj)
                              (vexStartup)
/Users/njwolff/Library/Application Support/Code/User/globalStorage/vexrobotics.vexcode/sdk/cpp/V5/V5_20240802_15_00_00/vexv5/libv5rt.a(v5_util.c.obj)
                              /Users/njwolff/Library/Application Support/Code/User/globalStorage/vexrobotics.vexcode/sdk/cpp/V5/V5_20240802_15_00_00/vexv5/libv5rt.a(v5_startup.c.obj) (vexStdlibVersionLinked)
/Users/njwolff/Library/Application Support/Code/User/globalStorage/vexrobotics.vexcode/sdk/cpp/V5/V5_20240802_15_00_00/vexv5/libv5rt.a(v5_apijump.c.obj)
                              /Users/njwolff/Library/Application Support/Code/User/globalStorage/vexrobotics.vexcode/sdk/cpp/V5/V5_20240802_15_00_00/vexv5/libv5rt.a(v5_startup.c.obj) (vexPrivateApiEnable)
/Users/njwolff/Library/Application Support/Code/User/globalStorage/vexrobotics.vexcode/sdk/cpp/V5/V5_20240802_15_00_00/vexv5/libv5rt.a(v5_apiversions.c.obj)
                              /Users/njwolff/Library/Application Support/Code/User/globalStorage/vexrobotics.vexcode/sdk/cpp/V5/V5_20240802_15_00_00/vexv5/libv5rt.a(v5_apijump.c.obj) (vexSystemVersion)
/Users/njwolff/Library/Application Support/Code/User/globalStorage/vexrobotics.vexcode/sdk/cpp/V5/V5_20240802_15_00_00/vexv5/libv5rt.a(vex_global.cpp.obj)
                              build/src/main.o (vex::wait(double, vex::timeUnits))
/Users/njwolff/Library/Application Support/Code/User/globalStorage/vexrobotics.vexcode/sdk/cpp/V5/V5_20240802_15_00_00/vexv5/libv5rt.a(vex_motor.cpp.obj)
                              build/src/main.o (vex::motor::~motor())
/Users/njwolff/Library/Application Support/Code/User/globalStorage/vexrobotics.vexcode/sdk/cpp/V5/V5_20240802_15_00_00/vexv5/libv5rt.a(vex_imu.cpp.obj)
                              build/src/main.o (vex::inertial::~inertial())
/Users/njwolff/Library/Application Support/Code/User/globalStorage/vexrobotics.vexcode/sdk/cpp/V5/V5_20240802_15_00_00/vexv5/libv5rt.a(vex_rotation.cpp.obj)
                              build/src/main.o (vex::rotation::~rotation())
/Users/njwolff/Library/Application Support/Code/User/globalStorage/vexrobotics.vexcode/sdk/cpp/V5/V5_20240802_15_00_00/vexv5/libv5rt.a(vex_controller.cpp.obj)
                              build/src/main.o (vex::controller::~controller())
/Users/njwolff/Library/Application Support/Code/User/globalStorage/vexrobotics.vexcode/sdk/cpp/V5/V5_20240802_15_00_00/vexv5/libv5rt.a(vex_task.cpp.obj)
                              build/src/robot-config.o (vex::task::sleep(unsigned long))
/Users/njwolff/Library/Application Support/Code/User/globalStorage/vexrobotics.vexcode/sdk/cpp/V5/V5_20240802_15_00_00/vexv5/libv5rt.a(vex_thread.cpp.obj)
                              build/src/main.o (vex::thread::thread(int (*)()))
/Users/njwolff/Library/Application Support/Code/User/globalStorage/vexrobotics.vexcode/sdk/cpp/V5/V5_20240802_15_00_00/vexv5/libv5rt.a(vex_event.cpp.obj)
                              /Users/njwolff/Library/Application Support/Code/User/globalStorage/vexrobotics.vexcode/sdk/cpp/V5/V5_20240802_15_00_00/vexv5/libv5rt.a(vex_imu.cpp.obj) (vex::event::init(unsigned long, unsigned long, void (*)()))
/Users/njwolff/Library/Application Support/Code/User/globalStorage/vexrobotics.vexcode/sdk/cpp/V5/V5_20240802_15_00_00/vexv5/libv5rt.a(vex_mevent.cpp.obj)
                              /Users/njwolff/Library/Application Support/Code/User/globalStorage/vexrobotics.vexcode/sdk/cpp/V5/V5_20240802_15_00_00/vexv5/libv5rt.a(vex_controller.cpp.obj) (vex::mevent::mevent(unsigned long, unsigned long))
/Users/njwolff/Library/Application Support/Code/User/globalStorage/vexrobotics.vexcode/sdk/cpp/V5/V5_20240802_15_00_00/vexv5/libv5rt.a(vex_brain.cpp.obj)
                              build/src/main.o (vex::brain::lcd::setCursor(long, long))
/Users/njwolff/Library/Application Support/Code/User/globalStorage/vexrobotics.vexcode/sdk/cpp/V5/V5_20240802_15_00_00/vexv5/libv5rt.a(vex_competition.cpp.obj)
                              build/src/main.o (vex::competition::competition())
/Users/njwolff/Library/Application Support/Code/User/globalStorage/vexrobotics.vexcode/sdk/cpp/V5/V5_20240802_15_00_00/vexv5/libv5rt.a(vex_triport.cpp.obj)
                              /Users/njwolff/Library/Application Support/Code/User/globalStorage/vexrobotics.vexcode/sdk/cpp/V5/V5_20240802_15_00_00/vexv5/libv5rt.a(vex_brain.cpp.obj) (vex::triport::~triport())
/Users/njwolff/Library/Application Support/Code/User/globalStorage/vexrobotics.vexcode/sdk/cpp/V5/V5_20240802_15_00_00/vexv5/libv5rt.a(vex_color.cpp.obj)
                              /Users/njwolff/Library/Application Support/Code/User/globalStorage/vexrobotics.vexcode/sdk/cpp/V5/V5_20240802_15_00_00/vexv5/libv5rt.a(vex_brain.cpp.obj) (vex::color::operator unsigned long() const)
[...]
Memory Configuration

Name             Origin             Length             Attributes
ps7_ddr_0_S_AXI_BASEADDR 0x0000000003800000 0x0000000004800000
*default*        0x0000000000000000 0xffffffffffffffff

Linker script and memory map

                0x0000000000002000                _STACK_SIZE = DEFINED (_STACK_SIZE)?_STACK_SIZE:0x2000
                0x0000000000100000                _HEAP_SIZE = DEFINED (_HEAP_SIZE)?_HEAP_SIZE:0x100000
                0x0000000000000400                _ABORT_STACK_SIZE = DEFINED (_ABORT_STACK_SIZE)?_ABORT_STACK_SIZE:0x400
                0x0000000000000800                _SUPERVISOR_STACK_SIZE = DEFINED (_SUPERVISOR_STACK_SIZE)?_SUPERVISOR_STACK_SIZE:0x800
                0x0000000000000400                _IRQ_STACK_SIZE = DEFINED (_IRQ_STACK_SIZE)?_IRQ_STACK_SIZE:0x400
                0x0000000000000400                _FIQ_STACK_SIZE = DEFINED (_FIQ_STACK_SIZE)?_FIQ_STACK_SIZE:0x400
                0x0000000000000400                _UNDEF_STACK_SIZE = DEFINED (_UNDEF_STACK_SIZE)?_UNDEF_STACK_SIZE:0x400

.text           0x0000000003800000     0x5d00
 *(.vectors)
 *(.boot_data)
 .boot_data     0x0000000003800000       0x20 /Users/njwolff/Library/Application Support/Code/User/globalStorage/vexrobotics.vexcode/sdk/cpp/V5/V5_20240802_15_00_00/vexv5/libv5rt.a(v5_startup.c.obj)
                0x0000000003800000                vexCodeSig
                0x0000000000000020                . = 0x20
 *(.boot)
 .boot          0x0000000003800020       0xbc /Users/njwolff/Library/Application Support/Code/User/globalStorage/vexrobotics.vexcode/sdk/cpp/V5/V5_20240802_15_00_00/vexv5/libv5rt.a(v5_startup.c.obj)
                0x0000000003800020                vexStartup
                0x0000000003800100                . = ALIGN (0x40)
 *fill*         0x00000000038000dc       0x24 
 *(.freertos_vectors)
 *(.text)
 *(.text.*)
 .text._ZN3vex11motor_groupC2IJNS_5motorES2_EEERS2_DpRT_
                0x0000000003800100       0x44 build/src/main.o
                0x0000000003800100                vex::motor_group::motor_group<vex::motor, vex::motor>(vex::motor&, vex::motor&, vex::motor&)
 *fill*         0x0000000003800144        0x4 
 .text._Z9pre_autonv
                0x0000000003800148       0xd8 build/src/main.o
                0x0000000003800148                pre_auton()
 .text._Z17autonomous_skillsv
                0x0000000003800220      0x4c0 build/src/main.o
                0x0000000003800220                autonomous_skills()
 .text._Z16autonomous_cheapv
                0x00000000038006e0       0x60 build/src/main.o
                0x00000000038006e0                autonomous_cheap()
 .text._Z16autonomous_startv
                0x0000000003800740      0x1d4 build/src/main.o
                0x0000000003800740                autonomous_start()
 .text._Z4userv
                0x0000000003800914       0x48 build/src/main.o
                0x0000000003800914                user()
 .text.main     0x000000000380095c       0xa4 build/src/main.o
                0x000000000380095c                main
 .text._GLOBAL__sub_I_main.cpp
                0x0000000003800a00      0x480 build/src/main.o
 .text._Z33rc_auto_loop_function_Controller1v
                0x0000000003800e80      0x628 build/src/robot-config.o
                0x0000000003800e80                rc_auto_loop_function_Controller1()
 .text._Z11smoothDriveii
                0x00000000038014a8      0x108 build/src/robot-config.o
                0x00000000038014a8                smoothDrive(int, int)
 .text._Z13turn_to_anglef
                0x00000000038015b0      0x15c build/src/robot-config.o
                0x00000000038015b0                turn_to_angle(float)
 *fill*         0x000000000380170c        0x4 
 .text._Z3runv  0x0000000003801710      0x268 build/src/robot-config.o
                0x0000000003801710                run()
 .text._Z6jitteri
                0x0000000003801978       0xf8 build/src/robot-config.o
                0x0000000003801978                jitter(int)
 .text._Z8drawLogov
                0x0000000003801a70       0xe4 build/src/robot-config.o
                0x0000000003801a70                drawLogo()
 .text._GLOBAL__sub_I_robot_config.cpp
                0x0000000003801b54       0x34 build/src/robot-config.o
 .text.vexMain  0x0000000003801b88       0xb0 /Users/njwolff/Library/Application Support/Code/User/globalStorage/vexrobotics.vexcode/sdk/cpp/V5/V5_20240802_15_00_00/vexv5/libv5rt.a(v5_startup.c.obj)
                0x0000000003801b88                vexMain
 .text.__vex_function_prolog
                0x0000000003801c38       0x18 /Users/njwolff/Library/Application Support/Code/User/globalStorage/vexrobotics.vexcode/sdk/cpp/V5/V5_20240802_15_00_00/vexv5/libv5rt.a(v5_startup.c.obj)
                0x0000000003801c38                __vex_function_prolog
 .text._init    0x0000000003801c50        0x4 /Users/njwolff/Library/Application Support/Code/User/globalStorage/vexrobotics.vexcode/sdk/cpp/V5/V5_20240802_15_00_00/vexv5/libv5rt.a(v5_startup.c.obj)
                0x0000000003801c50                _init
 .text._fini    0x0000000003801c54        0x4 /Users/njwolff/Library/Application Support/Code/User/globalStorage/vexrobotics.vexcode/sdk/cpp/V5/V5_20240802_15_00_00/vexv5/libv5rt.a(v5_startup.c.obj)
                0x0000000003801c54                _fini
 .text.vexStdlibVersionLinked
                0x0000000003801c58        0xc /Users/njwolff/Library/Application Support/Code/User/globalStorage/vexrobotics.vexcode/sdk/cpp/V5/V5_20240802_15_00_00/vexv5/libv5rt.a(v5_util.c.obj)
                0x0000000003801c58                vexStdlibVersionLinked
 .text.vexStdlibVersionVerify
                0x0000000003801c64       0x30 /Users/njwolff/Library/Application Support/Code/User/globalStorage/vexrobotics.vexcode/sdk/cpp/V5/V5_20240802_15_00_00/vexv5/libv5rt.a(v5_util.c.obj)
                0x0000000003801c64                vexStdlibVersionVerify
 .text.vexPrivateApiEnable
                0x0000000003801c94       0x10 /Users/njwolff/Library/Application Support/Code/User/globalStorage/vexrobotics.vexcode/sdk/cpp/V5/V5_20240802_15_00_00/vexv5/libv5rt.a(v5_apijump.c.obj)
                0x0000000003801c94                vexPrivateApiEnable
 .text.vexStdlibMismatchError
                0x0000000003801ca4       0x3c /Users/njwolff/Library/Application Support/Code/User/globalStorage/vexrobotics.vexcode/sdk/cpp/V5/V5_20240802_15_00_00/vexv5/libv5rt.a(v5_apijump.c.obj)
                0x0000000003801ca4                vexStdlibMismatchError
 .text.vexTaskAdd
                0x0000000003801ce0       0x10 /Users/njwolff/Library/Application Support/Code/User/globalStorage/vexrobotics.vexcode/sdk/cpp/V5/V5_20240802_15_00_00/vexv5/libv5rt.a(v5_apijump.c.obj)
                0x0000000003801ce0                vexTaskAdd
 .text.vexTasksRun
                0x0000000003801cf0       0x10 /Users/njwolff/Library/Application Support/Code/User/globalStorage/vexrobotics.vexcode/sdk/cpp/V5/V5_20240802_15_00_00/vexv5/libv5rt.a(v5_apijump.c.obj)
                0x0000000003801cf0                vexTasksRun
 .text.vexTaskYield
                0x0000000003801d00       0x10 /Users/njwolff/Library/Application Support/Code/User/globalStorage/vexrobotics.vexcode/sdk/cpp/V5/V5_20240802_15_00_00/vexv5/libv5rt.a(v5_apijump.c.obj)
                0x0000000003801d00                vexTaskYield
 .text.vexTaskCheckTimeslice
                0x0000000003801d10       0x10 /Users/njwolff/Library/Application Support/Code/User/globalStorage/vexrobotics.vexcode/sdk/cpp/V5/V5_20240802_15_00_00/vexv5/libv5rt.a(v5_apijump.c.obj)
                0x0000000003801d10                vexTaskCheckTimeslice
 .text.vexTaskSleep
                0x0000000003801d20       0x10 /Users/njwolff/Library/Application Support/Code/User/globalStorage/vexrobotics.vexcode/sdk/cpp/V5/V5_20240802_15_00_00/vexv5/libv5rt.a(v5_apijump.c.obj)
                0x0000000003801d20                vexTaskSleep
 .text.vexTasksDump
                0x0000000003801d30       0x1c /Users/njwolff/Library/Application Support/Code/User/globalStorage/vexrobotics.vexcode/sdk/cpp/V5/V5_20240802_15_00_00/vexv5/libv5rt.a(v5_apijump.c.obj)
                0x0000000003801d30                vexTasksDump
 .text.vexTaskStateGet
                0x0000000003801d4c       0x10 /Users/njwolff/Library/Application Support/Code/User/globalStorage/vexrobotics.vexcode/sdk/cpp/V5/V5_20240802_15_00_00/vexv5/libv5rt.a(v5_apijump.c.obj)
                0x0000000003801d4c                vexTaskStateGet
 .text.vexTaskGetTaskIndex
                0x0000000003801d5c       0x10 /Users/njwolff/Library/Application Support/Code/User/globalStorage/vexrobotics.vexcode/sdk/cpp/V5/V5_20240802_15_00_00/vexv5/libv5rt.a(v5_apijump.c.obj)
                0x0000000003801d5c                vexTaskGetTaskIndex
 .text.vexTaskStopAll
                0x0000000003801d6c       0x10 /Users/njwolff/Library/Application Support/Code/User/globalStorage/vexrobotics.vexcode/sdk/cpp/V5/V5_20240802_15_00_00/vexv5/libv5rt.a(v5_apijump.c.obj)
                0x0000000003801d6c                vexTaskStopAll
 .text.vexTaskRemoveAllUser
                0x0000000003801d7c       0x34 /Users/njwolff/Library/Application Support/Code/User/globalStorage/vexrobotics.vexcode/sdk/cpp/V5/V5_20240802_15_00_00/vexv5/libv5rt.a(v5_apijump.c.obj)
                0x0000000003801d7c                vexTaskRemoveAllUser
 .text.vexTaskCompletionIdSet
                0x0000000003801db0       0x10 /Users/njwolff/Library/Application Support/Code/User/globalStorage/vexrobotics.vexcode/sdk/cpp/V5/V5_20240802_15_00_00/vexv5/libv5rt.a(v5_apijump.c.obj)
                0x0000000003801db0                vexTaskCompletionIdSet
 .text.vexTaskAddWithArg
                0x0000000003801dc0       0x10 /Users/njwolff/Library/Application Support/Code/User/globalStorage/vexrobotics.vexcode/sdk/cpp/V5/V5_20240802_15_00_00/vexv5/libv5rt.a(v5_apijump.c.obj)
                0x0000000003801dc0                vexTaskAddWithArg
 .text.vexTaskStopWithId
                0x0000000003801dd0       0x10 /Users/njwolff/Library/Application Support/Code/User/globalStorage/vexrobotics.vexcode/sdk/cpp/V5/V5_20240802_15_00_00/vexv5/libv5rt.a(v5_apijump.c.obj)
                0x0000000003801dd0                vexTaskStopWithId
 .text.vexCriticalSection
                0x0000000003801de0       0x2c /Users/njwolff/Library/Application Support/Code/User/globalStorage/vexrobotics.vexcode/sdk/cpp/V5/V5_20240802_15_00_00/vexv5/libv5rt.a(v5_apijump.c.obj)
                0x0000000003801de0                vexCriticalSection
 .text.vexEventAdd
                0x0000000003801e0c       0x34 /Users/njwolff/Library/Application Support/Code/User/globalStorage/vexrobotics.vexcode/sdk/cpp/V5/V5_20240802_15_00_00/vexv5/libv5rt.a(v5_apijump.c.obj)
                0x0000000003801e0c                vexEventAdd
 .text.vexEventUserIndexGet
                0x0000000003801e40       0x1c /Users/njwolff/Library/Application Support/Code/User/globalStorage/vexrobotics.vexcode/sdk/cpp/V5/V5_20240802_15_00_00/vexv5/libv5rt.a(v5_apijump.c.obj)
                0x0000000003801e40                vexEventUserIndexGet
 .text.vexEventAddWithArg
                0x0000000003801e5c       0x3c /Users/njwolff/Library/Application Support/Code/User/globalStorage/vexrobotics.vexcode/sdk/cpp/V5/V5_20240802_15_00_00/vexv5/libv5rt.a(v5_apijump.c.obj)
                0x0000000003801e5c                vexEventAddWithArg
 .text.vexEventsCleanup
                0x0000000003801e98       0x2c /Users/njwolff/Library/Application Support/Code/User/globalStorage/vexrobotics.vexcode/sdk/cpp/V5/V5_20240802_15_00_00/vexv5/libv5rt.a(v5_apijump.c.obj)
                0x0000000003801e98                vexEventsCleanup
 .text.vexDebug
                0x0000000003801ec4       0x38 /Users/njwolff/Library/Application Support/Code/User/globalStorage/vexrobotics.vexcode/sdk/cpp/V5/V5_20240802_15_00_00/vexv5/libv5rt.a(v5_apijump.c.obj)
                0x0000000003801ec4                vexDebug
 .text.vex_sprintf
                0x0000000003801efc       0x40 /Users/njwolff/Library/Application Support/Code/User/globalStorage/vexrobotics.vexcode/sdk/cpp/V5/V5_20240802_15_00_00/vexv5/libv5rt.a(v5_apijump.c.obj)
                0x0000000003801efc                vex_sprintf
 .text.vex_vsnprintf
                0x0000000003801f3c       0x3c /Users/njwolff/Library/Application Support/Code/User/globalStorage/vexrobotics.vexcode/sdk/cpp/V5/V5_20240802_15_00_00/vexv5/libv5rt.a(v5_apijump.c.obj)
                0x0000000003801f3c                vex_vsnprintf
 .text.vexSystemTimeGet
                0x0000000003801f78       0x1c /Users/njwolff/Library/Application Support/Code/User/globalStorage/vexrobotics.vexcode/sdk/cpp/V5/V5_20240802_15_00_00/vexv5/libv5rt.a(v5_apijump.c.obj)
                0x0000000003801f78                vexSystemTimeGet
 .text.vexSystemExitRequest
                0x0000000003801f94       0x1c /Users/njwolff/Library/Application Support/Code/User/globalStorage/vexrobotics.vexcode/sdk/cpp/V5/V5_20240802_15_00_00/vexv5/libv5rt.a(v5_apijump.c.obj)
                0x0000000003801f94                vexSystemExitRequest
 .text.vexDeviceGetByIndex
                0x0000000003801fb0       0x24 /Users/njwolff/Library/Application Support/Code/User/globalStorage/vexrobotics.vexcode/sdk/cpp/V5/V5_20240802_15_00_00/vexv5/libv5rt.a(v5_apijump.c.obj)
                0x0000000003801fb0                vexDeviceGetByIndex
 .text.vexControllerGet
                0x0000000003801fd4       0x2c /Users/njwolff/Library/Application Support/Code/User/globalStorage/vexrobotics.vexcode/sdk/cpp/V5/V5_20240802_15_00_00/vexv5/libv5rt.a(v5_apijump.c.obj)
                0x0000000003801fd4                vexControllerGet
 .text.vexControllerTextSet
                0x0000000003802000       0x74 /Users/njwolff/Library/Application Support/Code/User/globalStorage/vexrobotics.vexcode/sdk/cpp/V5/V5_20240802_15_00_00/vexv5/libv5rt.a(v5_apijump.c.obj)
                0x0000000003802000                vexControllerTextSet
 .text.vexDeviceAdiPortConfigSet
                0x0000000003802074       0x34 /Users/njwolff/Library/Application Support/Code/User/globalStorage/vexrobotics.vexcode/sdk/cpp/V5/V5_20240802_15_00_00/vexv5/libv5rt.a(v5_apijump.c.obj)
                0x0000000003802074                vexDeviceAdiPortConfigSet
 .text.vexDeviceAdiPortConfigGet
                0x00000000038020a8       0x2c /Users/njwolff/Library/Application Support/Code/User/globalStorage/vexrobotics.vexcode/sdk/cpp/V5/V5_20240802_15_00_00/vexv5/libv5rt.a(v5_apijump.c.obj)
                0x00000000038020a8                vexDeviceAdiPortConfigGet
 .text.vexDeviceAdiValueSet
                0x00000000038020d4       0x34 /Users/njwolff/Library/Application Support/Code/User/globalStorage/vexrobotics.vexcode/sdk/cpp/V5/V5_20240802_15_00_00/vexv5/libv5rt.a(v5_apijump.c.obj)
                0x00000000038020d4                vexDeviceAdiValueSet
 .text.vexDeviceMotorVelocitySet
                0x0000000003802108       0x2c /Users/njwolff/Library/Application Support/Code/User/globalStorage/vexrobotics.vexcode/sdk/cpp/V5/V5_20240802_15_00_00/vexv5/libv5rt.a(v5_apijump.c.obj)
                0x0000000003802108                vexDeviceMotorVelocitySet
 .text.vexDeviceMotorVelocityGet
                0x0000000003802134       0x24 /Users/njwolff/Library/Application Support/Code/User/globalStorage/vexrobotics.vexcode/sdk/cpp/V5/V5_20240802_15_00_00/vexv5/libv5rt.a(v5_apijump.c.obj)
                0x0000000003802134                vexDeviceMotorVelocityGet
 .text.vexDeviceMotorActualVelocityGet
                0x0000000003802158       0x24 /Users/njwolff/Library/Application Support/Code/User/globalStorage/vexrobotics.vexcode/sdk/cpp/V5/V5_20240802_15_00_00/vexv5/libv5rt.a(v5_apijump.c.obj)
                0x0000000003802158                vexDeviceMotorActualVelocityGet
 .text.vexDeviceMotorModeGet
                0x000000000380217c       0x24 /Users/njwolff/Library/Application Support/Code/User/globalStorage/vexrobotics.vexcode/sdk/cpp/V5/V5_20240802_15_00_00/vexv5/libv5rt.a(v5_apijump.c.obj)
                0x000000000380217c                vexDeviceMotorModeGet
 .text.vexDeviceMotorZeroPositionFlagGet
                0x00000000038021a0       0x24 /Users/njwolff/Library/Application Support/Code/User/globalStorage/vexrobotics.vexcode/sdk/cpp/V5/V5_20240802_15_00_00/vexv5/libv5rt.a(v5_apijump.c.obj)
                0x00000000038021a0                vexDeviceMotorZeroPositionFlagGet
 .text.vexDeviceMotorReverseFlagSet
                0x00000000038021c4       0x2c /Users/njwolff/Library/Application Support/Code/User/globalStorage/vexrobotics.vexcode/sdk/cpp/V5/V5_20240802_15_00_00/vexv5/libv5rt.a(v5_apijump.c.obj)
                0x00000000038021c4                vexDeviceMotorReverseFlagSet
 .text.vexDeviceMotorEncoderUnitsSet
                0x00000000038021f0       0x2c /Users/njwolff/Library/Application Support/Code/User/globalStorage/vexrobotics.vexcode/sdk/cpp/V5/V5_20240802_15_00_00/vexv5/libv5rt.a(v5_apijump.c.obj)
                0x00000000038021f0                vexDeviceMotorEncoderUnitsSet
 .text.vexDeviceMotorBrakeModeSet
                0x000000000380221c       0x2c /Users/njwolff/Library/Application Support/Code/User/globalStorage/vexrobotics.vexcode/sdk/cpp/V5/V5_20240802_15_00_00/vexv5/libv5rt.a(v5_apijump.c.obj)
                0x000000000380221c                vexDeviceMotorBrakeModeSet
 .text.vexDeviceMotorPositionSet
                0x0000000003802248       0x34 /Users/njwolff/Library/Application Support/Code/User/globalStorage/vexrobotics.vexcode/sdk/cpp/V5/V5_20240802_15_00_00/vexv5/libv5rt.a(v5_apijump.c.obj)
                0x0000000003802248                vexDeviceMotorPositionSet
 .text.vexDeviceMotorRelativeTargetSet
                0x000000000380227c       0x3c /Users/njwolff/Library/Application Support/Code/User/globalStorage/vexrobotics.vexcode/sdk/cpp/V5/V5_20240802_15_00_00/vexv5/libv5rt.a(v5_apijump.c.obj)
                0x000000000380227c                vexDeviceMotorRelativeTargetSet
 .text.vexDeviceMotorGearingSet
                0x00000000038022b8       0x2c /Users/njwolff/Library/Application Support/Code/User/globalStorage/vexrobotics.vexcode/sdk/cpp/V5/V5_20240802_15_00_00/vexv5/libv5rt.a(v5_apijump.c.obj)
                0x00000000038022b8                vexDeviceMotorGearingSet
 .text.vexDeviceMotorGearingGet
                0x00000000038022e4       0x24 /Users/njwolff/Library/Application Support/Code/User/globalStorage/vexrobotics.vexcode/sdk/cpp/V5/V5_20240802_15_00_00/vexv5/libv5rt.a(v5_apijump.c.obj)
                0x00000000038022e4                vexDeviceMotorGearingGet
 .text.vexDeviceImuReset
                0x0000000003802308       0x24 /Users/njwolff/Library/Application Support/Code/User/globalStorage/vexrobotics.vexcode/sdk/cpp/V5/V5_20240802_15_00_00/vexv5/libv5rt.a(v5_apijump.c.obj)
                0x0000000003802308                vexDeviceImuReset
 .text.vexDeviceImuHeadingGet
                0x000000000380232c       0x24 /Users/njwolff/Library/Application Support/Code/User/globalStorage/vexrobotics.vexcode/sdk/cpp/V5/V5_20240802_15_00_00/vexv5/libv5rt.a(v5_apijump.c.obj)
                0x000000000380232c                vexDeviceImuHeadingGet
 .text.vexDeviceImuDegreesGet
                0x0000000003802350       0x24 /Users/njwolff/Library/Application Support/Code/User/globalStorage/vexrobotics.vexcode/sdk/cpp/V5/V5_20240802_15_00_00/vexv5/libv5rt.a(v5_apijump.c.obj)
                0x0000000003802350                vexDeviceImuDegreesGet
 .text.vexDeviceImuStatusGet
                0x0000000003802374       0x24 /Users/njwolff/Library/Application Support/Code/User/globalStorage/vexrobotics.vexcode/sdk/cpp/V5/V5_20240802_15_00_00/vexv5/libv5rt.a(v5_apijump.c.obj)
                0x0000000003802374                vexDeviceImuStatusGet
 .text.vexDeviceAbsEncAngleGet
                0x0000000003802398       0x24 /Users/njwolff/Library/Application Support/Code/User/globalStorage/vexrobotics.vexcode/sdk/cpp/V5/V5_20240802_15_00_00/vexv5/libv5rt.a(v5_apijump.c.obj)
                0x0000000003802398                vexDeviceAbsEncAngleGet
 .text.vexDeviceAbsEncReverseFlagSet
                0x00000000038023bc       0x2c /Users/njwolff/Library/Application Support/Code/User/globalStorage/vexrobotics.vexcode/sdk/cpp/V5/V5_20240802_15_00_00/vexv5/libv5rt.a(v5_apijump.c.obj)
                0x00000000038023bc                vexDeviceAbsEncReverseFlagSet
 .text.vexDisplayForegroundColor
                0x00000000038023e8       0x24 /Users/njwolff/Library/Application Support/Code/User/globalStorage/vexrobotics.vexcode/sdk/cpp/V5/V5_20240802_15_00_00/vexv5/libv5rt.a(v5_apijump.c.obj)
                0x00000000038023e8                vexDisplayForegroundColor
 .text.vexDisplayBackgroundColor
                0x000000000380240c       0x24 /Users/njwolff/Library/Application Support/Code/User/globalStorage/vexrobotics.vexcode/sdk/cpp/V5/V5_20240802_15_00_00/vexv5/libv5rt.a(v5_apijump.c.obj)
                0x000000000380240c                vexDisplayBackgroundColor
 .text.vexDisplayBackgroundColorGet
                0x0000000003802430       0x1c /Users/njwolff/Library/Application Support/Code/User/globalStorage/vexrobotics.vexcode/sdk/cpp/V5/V5_20240802_15_00_00/vexv5/libv5rt.a(v5_apijump.c.obj)
                0x0000000003802430                vexDisplayBackgroundColorGet
 .text.vexDisplayPixelSet
                0x000000000380244c       0x38 /Users/njwolff/Library/Application Support/Code/User/globalStorage/vexrobotics.vexcode/sdk/cpp/V5/V5_20240802_15_00_00/vexv5/libv5rt.a(v5_apijump.c.obj)
                0x000000000380244c                vexDisplayPixelSet
 .text.vexDisplayRectDraw
                0x0000000003802484       0x4c /Users/njwolff/Library/Application Support/Code/User/globalStorage/vexrobotics.vexcode/sdk/cpp/V5/V5_20240802_15_00_00/vexv5/libv5rt.a(v5_apijump.c.obj)
                0x0000000003802484                vexDisplayRectDraw
 .text.vexDisplayRectClear
                0x00000000038024d0       0x4c /Users/njwolff/Library/Application Support/Code/User/globalStorage/vexrobotics.vexcode/sdk/cpp/V5/V5_20240802_15_00_00/vexv5/libv5rt.a(v5_apijump.c.obj)
                0x00000000038024d0                vexDisplayRectClear
 .text.vexDisplayVPrintf
                0x000000000380251c       0x50 /Users/njwolff/Library/Application Support/Code/User/globalStorage/vexrobotics.vexcode/sdk/cpp/V5/V5_20240802_15_00_00/vexv5/libv5rt.a(v5_apijump.c.obj)
                0x000000000380251c                vexDisplayVPrintf
 .text.vexDisplayTextReference
                0x000000000380256c       0x24 /Users/njwolff/Library/Application Support/Code/User/globalStorage/vexrobotics.vexcode/sdk/cpp/V5/V5_20240802_15_00_00/vexv5/libv5rt.a(v5_apijump.c.obj)
                0x000000000380256c                vexDisplayTextReference
 .text.vexDisplayTextSize
                0x0000000003802590       0x2c /Users/njwolff/Library/Application Support/Code/User/globalStorage/vexrobotics.vexcode/sdk/cpp/V5/V5_20240802_15_00_00/vexv5/libv5rt.a(v5_apijump.c.obj)
                0x0000000003802590                vexDisplayTextSize
 .text.vexDisplayFontNamedSet
                0x00000000038025bc       0x24 /Users/njwolff/Library/Application Support/Code/User/globalStorage/vexrobotics.vexcode/sdk/cpp/V5/V5_20240802_15_00_00/vexv5/libv5rt.a(v5_apijump.c.obj)
                0x00000000038025bc                vexDisplayFontNamedSet
 .text.vexDisplayStringWidthGet
                0x00000000038025e0       0x24 /Users/njwolff/Library/Application Support/Code/User/globalStorage/vexrobotics.vexcode/sdk/cpp/V5/V5_20240802_15_00_00/vexv5/libv5rt.a(v5_apijump.c.obj)
                0x00000000038025e0                vexDisplayStringWidthGet
 .text.vexDisplayPenSizeGet
                0x0000000003802604       0x1c /Users/njwolff/Library/Application Support/Code/User/globalStorage/vexrobotics.vexcode/sdk/cpp/V5/V5_20240802_15_00_00/vexv5/libv5rt.a(v5_apijump.c.obj)
                0x0000000003802604                vexDisplayPenSizeGet
 .text.vexSystemStdlibImpureDataAddr
                0x0000000003802620       0x28 /Users/njwolff/Library/Application Support/Code/User/globalStorage/vexrobotics.vexcode/sdk/cpp/V5/V5_20240802_15_00_00/vexv5/libv5rt.a(v5_apijump.c.obj)
                0x0000000003802620                vexSystemStdlibImpureDataAddr
 .text.vexSystemStdlibImpureDataSize
                0x0000000003802648       0x28 /Users/njwolff/Library/Application Support/Code/User/globalStorage/vexrobotics.vexcode/sdk/cpp/V5/V5_20240802_15_00_00/vexv5/libv5rt.a(v5_apijump.c.obj)
                0x0000000003802648                vexSystemStdlibImpureDataSize
 .text.vexSystemSaveUserData
                0x0000000003802670       0x3c /Users/njwolff/Library/Application Support/Code/User/globalStorage/vexrobotics.vexcode/sdk/cpp/V5/V5_20240802_15_00_00/vexv5/libv5rt.a(v5_apijump.c.obj)
                0x0000000003802670                vexSystemSaveUserData
 .text.vexTouchDataGet
                0x00000000038026ac       0x10 /Users/njwolff/Library/Application Support/Code/User/globalStorage/vexrobotics.vexcode/sdk/cpp/V5/V5_20240802_15_00_00/vexv5/libv5rt.a(v5_apijump.c.obj)
                0x00000000038026ac                vexTouchDataGet
 .text.vexDisplayThemeIdGet
                0x00000000038026bc       0x38 /Users/njwolff/Library/Application Support/Code/User/globalStorage/vexrobotics.vexcode/sdk/cpp/V5/V5_20240802_15_00_00/vexv5/libv5rt.a(v5_apijump.c.obj)
                0x00000000038026bc                vexDisplayThemeIdGet
 .text.vexDeviceEventMaskSet
                0x00000000038026f4       0x48 /Users/njwolff/Library/Application Support/Code/User/globalStorage/vexrobotics.vexcode/sdk/cpp/V5/V5_20240802_15_00_00/vexv5/libv5rt.a(v5_apijump.c.obj)
                0x00000000038026f4                vexDeviceEventMaskSet
 .text.vexDeviceEventMaskGet
                0x000000000380273c       0x3c /Users/njwolff/Library/Application Support/Code/User/globalStorage/vexrobotics.vexcode/sdk/cpp/V5/V5_20240802_15_00_00/vexv5/libv5rt.a(v5_apijump.c.obj)
                0x000000000380273c                vexDeviceEventMaskGet
 .text.vexSystemVersion
                0x0000000003802778       0x10 /Users/njwolff/Library/Application Support/Code/User/globalStorage/vexrobotics.vexcode/sdk/cpp/V5/V5_20240802_15_00_00/vexv5/libv5rt.a(v5_apiversions.c.obj)
                0x0000000003802778                vexSystemVersion
 .text.vexStdlibVersion
                0x0000000003802788       0x10 /Users/njwolff/Library/Application Support/Code/User/globalStorage/vexrobotics.vexcode/sdk/cpp/V5/V5_20240802_15_00_00/vexv5/libv5rt.a(v5_apiversions.c.obj)
                0x0000000003802788                vexStdlibVersion
 .text._ZN3vex4waitEdNS_9timeUnitsE
                0x0000000003802798       0x30 /Users/njwolff/Library/Application Support/Code/User/globalStorage/vexrobotics.vexcode/sdk/cpp/V5/V5_20240802_15_00_00/vexv5/libv5rt.a(vex_global.cpp.obj)
                0x0000000003802798                vex::wait(double, vex::timeUnits)
 .text._ZN3vex5motorD2Ev
                0x00000000038027c8       0x20 /Users/njwolff/Library/Application Support/Code/User/globalStorage/vexrobotics.vexcode/sdk/cpp/V5/V5_20240802_15_00_00/vexv5/libv5rt.a(vex_motor.cpp.obj)
                0x00000000038027c8                vex::motor::~motor()
                0x00000000038027c8                vex::motor::~motor()
 .text._ZN3vex5motorD0Ev
                0x00000000038027e8       0x1c /Users/njwolff/Library/Application Support/Code/User/globalStorage/vexrobotics.vexcode/sdk/cpp/V5/V5_20240802_15_00_00/vexv5/libv5rt.a(vex_motor.cpp.obj)
                0x00000000038027e8                vex::motor::~motor()
 .text._ZN3vex5motor9installedEv
                0x0000000003802804       0x18 /Users/njwolff/Library/Application Support/Code/User/globalStorage/vexrobotics.vexcode/sdk/cpp/V5/V5_20240802_15_00_00/vexv5/libv5rt.a(vex_motor.cpp.obj)
                0x0000000003802804                vex::motor::installed()
 .text._ZN3vex5motor15defaultStoppingENS_9brakeTypeE
                0x000000000380281c       0x30 /Users/njwolff/Library/Application Support/Code/User/globalStorage/vexrobotics.vexcode/sdk/cpp/V5/V5_20240802_15_00_00/vexv5/libv5rt.a(vex_motor.cpp.obj)
                0x000000000380281c                vex::motor::defaultStopping(vex::brakeType)
 .text._ZN3vex5motor11setStoppingENS_9brakeTypeE
                0x000000000380284c        0x4 /Users/njwolff/Library/Application Support/Code/User/globalStorage/vexrobotics.vexcode/sdk/cpp/V5/V5_20240802_15_00_00/vexv5/libv5rt.a(vex_motor.cpp.obj)
                0x000000000380284c                vex::motor::setStopping(vex::brakeType)
 .text._ZN3vex5motorC2El
                0x0000000003802850       0x78 /Users/njwolff/Library/Application Support/Code/User/globalStorage/vexrobotics.vexcode/sdk/cpp/V5/V5_20240802_15_00_00/vexv5/libv5rt.a(vex_motor.cpp.obj)
                0x0000000003802850                vex::motor::motor(long)
                0x0000000003802850                vex::motor::motor(long)
 .text._ZN3vex5motorC2ElNS_11gearSettingEb
                0x00000000038028c8       0x34 /Users/njwolff/Library/Application Support/Code/User/globalStorage/vexrobotics.vexcode/sdk/cpp/V5/V5_20240802_15_00_00/vexv5/libv5rt.a(vex_motor.cpp.obj)
                0x00000000038028c8                vex::motor::motor(long, vex::gearSetting, bool)
                0x00000000038028c8                vex::motor::motor(long, vex::gearSetting, bool)
 .text._ZN3vex5motor14isSpinningModeEv
                0x00000000038028fc       0x48 /Users/njwolff/Library/Application Support/Code/User/globalStorage/vexrobotics.vexcode/sdk/cpp/V5/V5_20240802_15_00_00/vexv5/libv5rt.a(vex_motor.cpp.obj)
                0x00000000038028fc                vex::motor::isSpinningMode()
 .text._ZN3vex5motor10isSpinningEv
                0x0000000003802944       0x44 /Users/njwolff/Library/Application Support/Code/User/globalStorage/vexrobotics.vexcode/sdk/cpp/V5/V5_20240802_15_00_00/vexv5/libv5rt.a(vex_motor.cpp.obj)
                0x0000000003802944                vex::motor::isSpinning()
 .text._ZN3vex5motor4stopENS_9brakeTypeE
                0x0000000003802988       0x30 /Users/njwolff/Library/Application Support/Code/User/globalStorage/vexrobotics.vexcode/sdk/cpp/V5/V5_20240802_15_00_00/vexv5/libv5rt.a(vex_motor.cpp.obj)
                0x0000000003802988                vex::motor::stop(vex::brakeType)
 .text._ZN3vex5motor4stopEv
                0x00000000038029b8        0x8 /Users/njwolff/Library/Application Support/Code/User/globalStorage/vexrobotics.vexcode/sdk/cpp/V5/V5_20240802_15_00_00/vexv5/libv5rt.a(vex_motor.cpp.obj)
                0x00000000038029b8                vex::motor::stop()
 .text._ZN3vex5motor16velocityToScaledEdNS_13velocityUnitsE
                0x00000000038029c0       0x5c /Users/njwolff/Library/Application Support/Code/User/globalStorage/vexrobotics.vexcode/sdk/cpp/V5/V5_20240802_15_00_00/vexv5/libv5rt.a(vex_motor.cpp.obj)
                0x00000000038029c0                vex::motor::velocityToScaled(double, vex::velocityUnits)
 .text._ZN3vex5motor8velocityENS_13velocityUnitsE
                0x0000000003802a1c       0x30 /Users/njwolff/Library/Application Support/Code/User/globalStorage/vexrobotics.vexcode/sdk/cpp/V5/V5_20240802_15_00_00/vexv5/libv5rt.a(vex_motor.cpp.obj)
                0x0000000003802a1c                vex::motor::velocity(vex::velocityUnits)
 .text._ZN3vex5motor5valueEv
                0x0000000003802a4c       0x1c /Users/njwolff/Library/Application Support/Code/User/globalStorage/vexrobotics.vexcode/sdk/cpp/V5/V5_20240802_15_00_00/vexv5/libv5rt.a(vex_motor.cpp.obj)
                0x0000000003802a4c                vex::motor::value()
 .text._ZN3vex5motor16scaledToVelocityEdNS_13velocityUnitsE
                0x0000000003802a68       0xa4 /Users/njwolff/Library/Application Support/Code/User/globalStorage/vexrobotics.vexcode/sdk/cpp/V5/V5_20240802_15_00_00/vexv5/libv5rt.a(vex_motor.cpp.obj)
                0x0000000003802a68                vex::motor::scaledToVelocity(double, vex::velocityUnits)
 .text._ZN3vex5motor4spinENS_13directionTypeEdNS_13velocityUnitsE
                0x0000000003802b0c       0x5c /Users/njwolff/Library/Application Support/Code/User/globalStorage/vexrobotics.vexcode/sdk/cpp/V5/V5_20240802_15_00_00/vexv5/libv5rt.a(vex_motor.cpp.obj)
                0x0000000003802b0c                vex::motor::spin(vex::directionType, double, vex::velocityUnits)
 .text._ZN3vex5motor4spinENS_13directionTypeE
                0x0000000003802b68       0x28 /Users/njwolff/Library/Application Support/Code/User/globalStorage/vexrobotics.vexcode/sdk/cpp/V5/V5_20240802_15_00_00/vexv5/libv5rt.a(vex_motor.cpp.obj)
                0x0000000003802b68                vex::motor::spin(vex::directionType)
 .text._ZN3vex5motor11setVelocityEdNS_13velocityUnitsE
                0x0000000003802b90       0x54 /Users/njwolff/Library/Application Support/Code/User/globalStorage/vexrobotics.vexcode/sdk/cpp/V5/V5_20240802_15_00_00/vexv5/libv5rt.a(vex_motor.cpp.obj)
                0x0000000003802b90                vex::motor::setVelocity(double, vex::velocityUnits)
 .text._ZN3vex5motor16setRotationUnitsENS_13rotationUnitsE
                0x0000000003802be4       0x1c /Users/njwolff/Library/Application Support/Code/User/globalStorage/vexrobotics.vexcode/sdk/cpp/V5/V5_20240802_15_00_00/vexv5/libv5rt.a(vex_motor.cpp.obj)
                0x0000000003802be4                vex::motor::setRotationUnits(vex::rotationUnits)
 .text._ZN3vex5motor7spinForEdNS_13rotationUnitsEdNS_13velocityUnitsEb
                0x0000000003802c00       0xf4 /Users/njwolff/Library/Application Support/Code/User/globalStorage/vexrobotics.vexcode/sdk/cpp/V5/V5_20240802_15_00_00/vexv5/libv5rt.a(vex_motor.cpp.obj)
                0x0000000003802c00                vex::motor::spinFor(double, vex::rotationUnits, double, vex::velocityUnits, bool)
 .text._ZN3vex5motor7spinForENS_13directionTypeEdNS_13rotationUnitsEdNS_13velocityUnitsEb
                0x0000000003802cf4       0x34 /Users/njwolff/Library/Application Support/Code/User/globalStorage/vexrobotics.vexcode/sdk/cpp/V5/V5_20240802_15_00_00/vexv5/libv5rt.a(vex_motor.cpp.obj)
                0x0000000003802cf4                vex::motor::spinFor(vex::directionType, double, vex::rotationUnits, double, vex::velocityUnits, bool)
 .text._ZN3vex5motor7spinForENS_13directionTypeEdNS_13rotationUnitsEb
                0x0000000003802d28       0x3c /Users/njwolff/Library/Application Support/Code/User/globalStorage/vexrobotics.vexcode/sdk/cpp/V5/V5_20240802_15_00_00/vexv5/libv5rt.a(vex_motor.cpp.obj)
                0x0000000003802d28                vex::motor::spinFor(vex::directionType, double, vex::rotationUnits, bool)
 .text._ZN3vex8inertial11getTurnTypeEv
                0x0000000003802d64        0x8 /Users/njwolff/Library/Application Support/Code/User/globalStorage/vexrobotics.vexcode/sdk/cpp/V5/V5_20240802_15_00_00/vexv5/libv5rt.a(vex_imu.cpp.obj)
                0x0000000003802d64                vex::inertial::getTurnType()
 .text._ZThn16_N3vex8inertial11getTurnTypeEv
                0x0000000003802d6c        0x8 /Users/njwolff/Library/Application Support/Code/User/globalStorage/vexrobotics.vexcode/sdk/cpp/V5/V5_20240802_15_00_00/vexv5/libv5rt.a(vex_imu.cpp.obj)
                0x0000000003802d6c                non-virtual thunk to vex::inertial::getTurnType()
 *fill*         0x0000000003802d74        0x4 
 .text._ZN3vex8inertial10setHeadingEdNS_13rotationUnitsE
                0x0000000003802d78       0x58 /Users/njwolff/Library/Application Support/Code/User/globalStorage/vexrobotics.vexcode/sdk/cpp/V5/V5_20240802_15_00_00/vexv5/libv5rt.a(vex_imu.cpp.obj)
                0x0000000003802d78                vex::inertial::setHeading(double, vex::rotationUnits)
 .text._ZThn16_N3vex8inertial10setHeadingEdNS_13rotationUnitsE
                0x0000000003802dd0        0x8 /Users/njwolff/Library/Application Support/Code/User/globalStorage/vexrobotics.vexcode/sdk/cpp/V5/V5_20240802_15_00_00/vexv5/libv5rt.a(vex_imu.cpp.obj)
                0x0000000003802dd0                non-virtual thunk to vex::inertial::setHeading(double, vex::rotationUnits)
 .text._ZN3vex8inertial11setRotationEdNS_13rotationUnitsE
                0x0000000003802dd8       0x58 /Users/njwolff/Library/Application Support/Code/User/globalStorage/vexrobotics.vexcode/sdk/cpp/V5/V5_20240802_15_00_00/vexv5/libv5rt.a(vex_imu.cpp.obj)
                0x0000000003802dd8                vex::inertial::setRotation(double, vex::rotationUnits)
 .text._ZThn16_N3vex8inertial11setRotationEdNS_13rotationUnitsE
                0x0000000003802e30        0x8 /Users/njwolff/Library/Application Support/Code/User/globalStorage/vexrobotics.vexcode/sdk/cpp/V5/V5_20240802_15_00_00/vexv5/libv5rt.a(vex_imu.cpp.obj)
                0x0000000003802e30                non-virtual thunk to vex::inertial::setRotation(double, vex::rotationUnits)
 .text._ZN3vex8inertialD2Ev
                0x0000000003802e38       0x20 /Users/njwolff/Library/Application Support/Code/User/globalStorage/vexrobotics.vexcode/sdk/cpp/V5/V5_20240802_15_00_00/vexv5/libv5rt.a(vex_imu.cpp.obj)
                0x0000000003802e38                vex::inertial::~inertial()
                0x0000000003802e38                vex::inertial::~inertial()
 .text._ZThn16_N3vex8inertialD1Ev
                0x0000000003802e58        0x8 /Users/njwolff/Library/Application Support/Code/User/globalStorage/vexrobotics.vexcode/sdk/cpp/V5/V5_20240802_15_00_00/vexv5/libv5rt.a(vex_imu.cpp.obj)
                0x0000000003802e58                non-virtual thunk to vex::inertial::~inertial()
 .text._ZN3vex8inertialD0Ev
                0x0000000003802e60       0x1c /Users/njwolff/Library/Application Support/Code/User/globalStorage/vexrobotics.vexcode/sdk/cpp/V5/V5_20240802_15_00_00/vexv5/libv5rt.a(vex_imu.cpp.obj)
                0x0000000003802e60                vex::inertial::~inertial()
 .text._ZThn16_N3vex8inertialD0Ev
                0x0000000003802e7c        0x8 /Users/njwolff/Library/Application Support/Code/User/globalStorage/vexrobotics.vexcode/sdk/cpp/V5/V5_20240802_15_00_00/vexv5/libv5rt.a(vex_imu.cpp.obj)
                0x0000000003802e7c                non-virtual thunk to vex::inertial::~inertial()
 .text._ZN3vex8inertial9installedEv
                0x0000000003802e84       0x18 /Users/njwolff/Library/Application Support/Code/User/globalStorage/vexrobotics.vexcode/sdk/cpp/V5/V5_20240802_15_00_00/vexv5/libv5rt.a(vex_imu.cpp.obj)
                0x0000000003802e84                vex::inertial::installed()
 .text._ZN3vex8inertial5angleENS_13rotationUnitsE
                0x0000000003802e9c       0x6c /Users/njwolff/Library/Application Support/Code/User/globalStorage/vexrobotics.vexcode/sdk/cpp/V5/V5_20240802_15_00_00/vexv5/libv5rt.a(vex_imu.cpp.obj)
                0x0000000003802e9c                vex::inertial::angle(vex::rotationUnits)
 .text._ZThn16_N3vex8inertial5angleENS_13rotationUnitsE
                0x0000000003802f08        0x8 /Users/njwolff/Library/Application Support/Code/User/globalStorage/vexrobotics.vexcode/sdk/cpp/V5/V5_20240802_15_00_00/vexv5/libv5rt.a(vex_imu.cpp.obj)
                0x0000000003802f08                non-virtual thunk to vex::inertial::angle(vex::rotationUnits)
 .text._ZN3vex8inertial7headingENS_13rotationUnitsE
                0x0000000003802f10        0x4 /Users/njwolff/Library/Application Support/Code/User/globalStorage/vexrobotics.vexcode/sdk/cpp/V5/V5_20240802_15_00_00/vexv5/libv5rt.a(vex_imu.cpp.obj)
                0x0000000003802f10                vex::inertial::heading(vex::rotationUnits)
 .text._ZThn16_N3vex8inertial7headingENS_13rotationUnitsE
                0x0000000003802f14        0x8 /Users/njwolff/Library/Application Support/Code/User/globalStorage/vexrobotics.vexcode/sdk/cpp/V5/V5_20240802_15_00_00/vexv5/libv5rt.a(vex_imu.cpp.obj)
                0x0000000003802f14                non-virtual thunk to vex::inertial::heading(vex::rotationUnits)
 .text._ZN3vex8inertial5valueEv
                0x0000000003802f1c       0x1c /Users/njwolff/Library/Application Support/Code/User/globalStorage/vexrobotics.vexcode/sdk/cpp/V5/V5_20240802_15_00_00/vexv5/libv5rt.a(vex_imu.cpp.obj)
                0x0000000003802f1c                vex::inertial::value()
 .text._ZN3vex8inertial8rotationENS_13rotationUnitsE
                0x0000000003802f38       0x48 /Users/njwolff/Library/Application Support/Code/User/globalStorage/vexrobotics.vexcode/sdk/cpp/V5/V5_20240802_15_00_00/vexv5/libv5rt.a(vex_imu.cpp.obj)
                0x0000000003802f38                vex::inertial::rotation(vex::rotationUnits)
 .text._ZThn16_N3vex8inertial8rotationENS_13rotationUnitsE
                0x0000000003802f80        0x8 /Users/njwolff/Library/Application Support/Code/User/globalStorage/vexrobotics.vexcode/sdk/cpp/V5/V5_20240802_15_00_00/vexv5/libv5rt.a(vex_imu.cpp.obj)
                0x0000000003802f80                non-virtual thunk to vex::inertial::rotation(vex::rotationUnits)
 .text._ZN3vex8inertial13isCalibratingEv
                0x0000000003802f88       0x38 /Users/njwolff/Library/Application Support/Code/User/globalStorage/vexrobotics.vexcode/sdk/cpp/V5/V5_20240802_15_00_00/vexv5/libv5rt.a(vex_imu.cpp.obj)
                0x0000000003802f88                vex::inertial::isCalibrating()
 .text._ZThn16_N3vex8inertial13isCalibratingEv
                0x0000000003802fc0        0x8 /Users/njwolff/Library/Application Support/Code/User/globalStorage/vexrobotics.vexcode/sdk/cpp/V5/V5_20240802_15_00_00/vexv5/libv5rt.a(vex_imu.cpp.obj)
                0x0000000003802fc0                non-virtual thunk to vex::inertial::isCalibrating()
 .text._ZN3vex8inertialC2ElNS_8turnTypeE
                0x0000000003802fc8       0x4c /Users/njwolff/Library/Application Support/Code/User/globalStorage/vexrobotics.vexcode/sdk/cpp/V5/V5_20240802_15_00_00/vexv5/libv5rt.a(vex_imu.cpp.obj)
                0x0000000003802fc8                vex::inertial::inertial(long, vex::turnType)
                0x0000000003802fc8                vex::inertial::inertial(long, vex::turnType)
 .text._ZN3vex8inertial16startCalibrationEl
                0x0000000003803014       0x20 /Users/njwolff/Library/Application Support/Code/User/globalStorage/vexrobotics.vexcode/sdk/cpp/V5/V5_20240802_15_00_00/vexv5/libv5rt.a(vex_imu.cpp.obj)
                0x0000000003803014                vex::inertial::startCalibration(long)
 .text._ZN3vex8inertial9calibrateEl
                0x0000000003803034        0xc /Users/njwolff/Library/Application Support/Code/User/globalStorage/vexrobotics.vexcode/sdk/cpp/V5/V5_20240802_15_00_00/vexv5/libv5rt.a(vex_imu.cpp.obj)
                0x0000000003803034                vex::inertial::calibrate(long)
                0x0000000003803038                non-virtual thunk to vex::inertial::calibrate(long)
 .text._ZN3vex8rotationD2Ev
                0x0000000003803040       0x20 /Users/njwolff/Library/Application Support/Code/User/globalStorage/vexrobotics.vexcode/sdk/cpp/V5/V5_20240802_15_00_00/vexv5/libv5rt.a(vex_rotation.cpp.obj)
                0x0000000003803040                vex::rotation::~rotation()
                0x0000000003803040                vex::rotation::~rotation()
 .text._ZN3vex8rotationD0Ev
                0x0000000003803060       0x1c /Users/njwolff/Library/Application Support/Code/User/globalStorage/vexrobotics.vexcode/sdk/cpp/V5/V5_20240802_15_00_00/vexv5/libv5rt.a(vex_rotation.cpp.obj)
                0x0000000003803060                vex::rotation::~rotation()
 .text._ZN3vex8rotation9installedEv
                0x000000000380307c       0x18 /Users/njwolff/Library/Application Support/Code/User/globalStorage/vexrobotics.vexcode/sdk/cpp/V5/V5_20240802_15_00_00/vexv5/libv5rt.a(vex_rotation.cpp.obj)
                0x000000000380307c                vex::rotation::installed()
 .text._ZN3vex8rotation5valueEv
                0x0000000003803094        0x8 /Users/njwolff/Library/Application Support/Code/User/globalStorage/vexrobotics.vexcode/sdk/cpp/V5/V5_20240802_15_00_00/vexv5/libv5rt.a(vex_rotation.cpp.obj)
                0x0000000003803094                vex::rotation::value()
 .text._ZN3vex8rotationC2Elb
                0x000000000380309c       0x30 /Users/njwolff/Library/Application Support/Code/User/globalStorage/vexrobotics.vexcode/sdk/cpp/V5/V5_20240802_15_00_00/vexv5/libv5rt.a(vex_rotation.cpp.obj)
                0x000000000380309c                vex::rotation::rotation(long, bool)
                0x000000000380309c                vex::rotation::rotation(long, bool)
 .text._ZN3vex10controllerD2Ev
                0x00000000038030cc        0x4 /Users/njwolff/Library/Application Support/Code/User/globalStorage/vexrobotics.vexcode/sdk/cpp/V5/V5_20240802_15_00_00/vexv5/libv5rt.a(vex_controller.cpp.obj)
                0x00000000038030cc                vex::controller::~controller()
                0x00000000038030cc                vex::controller::~controller()
 .text._ZN3vex10controller5valueE19_V5_ControllerIndex
                0x00000000038030d0        0x8 /Users/njwolff/Library/Application Support/Code/User/globalStorage/vexrobotics.vexcode/sdk/cpp/V5/V5_20240802_15_00_00/vexv5/libv5rt.a(vex_controller.cpp.obj)
                0x00000000038030d0                vex::controller::value(_V5_ControllerIndex)
 .text._ZNK3vex10controller6button8pressingEv
                0x00000000038030d8       0xc8 /Users/njwolff/Library/Application Support/Code/User/globalStorage/vexrobotics.vexcode/sdk/cpp/V5/V5_20240802_15_00_00/vexv5/libv5rt.a(vex_controller.cpp.obj)
                0x00000000038030d8                vex::controller::button::pressing() const
 .text._ZNK3vex10controller6button21_buttonToPressedEventEv
                0x00000000038031a0       0x20 /Users/njwolff/Library/Application Support/Code/User/globalStorage/vexrobotics.vexcode/sdk/cpp/V5/V5_20240802_15_00_00/vexv5/libv5rt.a(vex_controller.cpp.obj)
                0x00000000038031a0                vex::controller::button::_buttonToPressedEvent() const
 .text._ZNK3vex10controller6button22_buttonToReleasedEventEv
                0x00000000038031c0       0x20 /Users/njwolff/Library/Application Support/Code/User/globalStorage/vexrobotics.vexcode/sdk/cpp/V5/V5_20240802_15_00_00/vexv5/libv5rt.a(vex_controller.cpp.obj)
                0x00000000038031c0                vex::controller::button::_buttonToReleasedEvent() const
 .text._ZN3vex10controller6buttonC2ENS0_11tButtonTypeEPS0_
                0x00000000038031e0       0x48 /Users/njwolff/Library/Application Support/Code/User/globalStorage/vexrobotics.vexcode/sdk/cpp/V5/V5_20240802_15_00_00/vexv5/libv5rt.a(vex_controller.cpp.obj)
                0x00000000038031e0                vex::controller::button::button(vex::controller::tButtonType, vex::controller*)
                0x00000000038031e0                vex::controller::button::button(vex::controller::tButtonType, vex::controller*)
 .text._ZNK3vex10controller4axis5valueEv
                0x0000000003803228       0x58 /Users/njwolff/Library/Application Support/Code/User/globalStorage/vexrobotics.vexcode/sdk/cpp/V5/V5_20240802_15_00_00/vexv5/libv5rt.a(vex_controller.cpp.obj)
                0x0000000003803228                vex::controller::axis::value() const
 .text._ZNK3vex10controller4axis8positionENS_12percentUnitsE
                0x0000000003803280       0x1c /Users/njwolff/Library/Application Support/Code/User/globalStorage/vexrobotics.vexcode/sdk/cpp/V5/V5_20240802_15_00_00/vexv5/libv5rt.a(vex_controller.cpp.obj)
                0x0000000003803280                vex::controller::axis::position(vex::percentUnits) const
 .text._ZNK3vex10controller4axis23_joystickToChangedEventEv
                0x000000000380329c       0x20 /Users/njwolff/Library/Application Support/Code/User/globalStorage/vexrobotics.vexcode/sdk/cpp/V5/V5_20240802_15_00_00/vexv5/libv5rt.a(vex_controller.cpp.obj)
                0x000000000380329c                vex::controller::axis::_joystickToChangedEvent() const
 .text._ZN3vex10controller4axisC2ENS0_9tAxisTypeEPS0_
                0x00000000038032bc       0x2c /Users/njwolff/Library/Application Support/Code/User/globalStorage/vexrobotics.vexcode/sdk/cpp/V5/V5_20240802_15_00_00/vexv5/libv5rt.a(vex_controller.cpp.obj)
                0x00000000038032bc                vex::controller::axis::axis(vex::controller::tAxisType, vex::controller*)
                0x00000000038032bc                vex::controller::axis::axis(vex::controller::tAxisType, vex::controller*)
 .text._ZN3vex10controllerC2ENS_14controllerTypeE
                0x00000000038032e8      0x16c /Users/njwolff/Library/Application Support/Code/User/globalStorage/vexrobotics.vexcode/sdk/cpp/V5/V5_20240802_15_00_00/vexv5/libv5rt.a(vex_controller.cpp.obj)
                0x00000000038032e8                vex::controller::controller(vex::controllerType)
                0x00000000038032e8                vex::controller::controller(vex::controllerType)
 .text._ZN3vex10controller3lcd15getControllerIdEv
                0x0000000003803454       0x10 /Users/njwolff/Library/Application Support/Code/User/globalStorage/vexrobotics.vexcode/sdk/cpp/V5/V5_20240802_15_00_00/vexv5/libv5rt.a(vex_controller.cpp.obj)
                0x0000000003803454                vex::controller::lcd::getControllerId()
 .text._ZN3vex10controller3lcd9setCursorEll
                0x0000000003803464       0x40 /Users/njwolff/Library/Application Support/Code/User/globalStorage/vexrobotics.vexcode/sdk/cpp/V5/V5_20240802_15_00_00/vexv5/libv5rt.a(vex_controller.cpp.obj)
                0x0000000003803464                vex::controller::lcd::setCursor(long, long)
 .text._ZN3vex10controller3lcd5printEPKcz
                0x00000000038034a4       0x80 /Users/njwolff/Library/Application Support/Code/User/globalStorage/vexrobotics.vexcode/sdk/cpp/V5/V5_20240802_15_00_00/vexv5/libv5rt.a(vex_controller.cpp.obj)
                0x00000000038034a4                vex::controller::lcd::print(char const*, ...)
 .text._ZN3vex10controller3lcd9clearLineEi
                0x0000000003803524       0x80 /Users/njwolff/Library/Application Support/Code/User/globalStorage/vexrobotics.vexcode/sdk/cpp/V5/V5_20240802_15_00_00/vexv5/libv5rt.a(vex_controller.cpp.obj)
                0x0000000003803524                vex::controller::lcd::clearLine(int)
 .text._ZN3vex10controller3lcd11clearScreenEv
                0x00000000038035a4       0x5c /Users/njwolff/Library/Application Support/Code/User/globalStorage/vexrobotics.vexcode/sdk/cpp/V5/V5_20240802_15_00_00/vexv5/libv5rt.a(vex_controller.cpp.obj)
                0x00000000038035a4                vex::controller::lcd::clearScreen()
 .text._ZN3vex10controller3lcd7newLineEv
                0x0000000003803600       0x20 /Users/njwolff/Library/Application Support/Code/User/globalStorage/vexrobotics.vexcode/sdk/cpp/V5/V5_20240802_15_00_00/vexv5/libv5rt.a(vex_controller.cpp.obj)
                0x0000000003803600                vex::controller::lcd::newLine()
 .text._ZN3vex4taskC2EPFivE
                0x0000000003803620       0x5c /Users/njwolff/Library/Application Support/Code/User/globalStorage/vexrobotics.vexcode/sdk/cpp/V5/V5_20240802_15_00_00/vexv5/libv5rt.a(vex_task.cpp.obj)
                0x0000000003803620                vex::task::task(int (*)())
                0x0000000003803620                vex::task::task(int (*)())
 .text._ZN3vex4taskD2Ev
                0x000000000380367c        0x4 /Users/njwolff/Library/Application Support/Code/User/globalStorage/vexrobotics.vexcode/sdk/cpp/V5/V5_20240802_15_00_00/vexv5/libv5rt.a(vex_task.cpp.obj)
                0x000000000380367c                vex::task::~task()
                0x000000000380367c                vex::task::~task()
 .text._ZN3vex4task4stopEPvi
                0x0000000003803680       0x1c /Users/njwolff/Library/Application Support/Code/User/globalStorage/vexrobotics.vexcode/sdk/cpp/V5/V5_20240802_15_00_00/vexv5/libv5rt.a(vex_task.cpp.obj)
                0x0000000003803680                vex::task::stop(void*, int)
 .text._ZN3vex4task5sleepEm
                0x000000000380369c        0x4 /Users/njwolff/Library/Application Support/Code/User/globalStorage/vexrobotics.vexcode/sdk/cpp/V5/V5_20240802_15_00_00/vexv5/libv5rt.a(vex_task.cpp.obj)
                0x000000000380369c                vex::task::sleep(unsigned long)
 .text._ZN3vex4task5yieldEv
                0x00000000038036a0        0x4 /Users/njwolff/Library/Application Support/Code/User/globalStorage/vexrobotics.vexcode/sdk/cpp/V5/V5_20240802_15_00_00/vexv5/libv5rt.a(vex_task.cpp.obj)
                0x00000000038036a0                vex::task::yield()
 .text._ZN3vex4task6_indexEPFivE
                0x00000000038036a4       0x14 /Users/njwolff/Library/Application Support/Code/User/globalStorage/vexrobotics.vexcode/sdk/cpp/V5/V5_20240802_15_00_00/vexv5/libv5rt.a(vex_task.cpp.obj)
                0x00000000038036a4                vex::task::_index(int (*)())
 .text._ZN3vex4task8_stopAllEv
                0x00000000038036b8       0x3c /Users/njwolff/Library/Application Support/Code/User/globalStorage/vexrobotics.vexcode/sdk/cpp/V5/V5_20240802_15_00_00/vexv5/libv5rt.a(vex_task.cpp.obj)
                0x00000000038036b8                vex::task::_stopAll()
 .text._ZN3vex6threadC2EPFivE
                0x00000000038036f4       0x5c /Users/njwolff/Library/Application Support/Code/User/globalStorage/vexrobotics.vexcode/sdk/cpp/V5/V5_20240802_15_00_00/vexv5/libv5rt.a(vex_thread.cpp.obj)
                0x00000000038036f4                vex::thread::thread(int (*)())
                0x00000000038036f4                vex::thread::thread(int (*)())
 .text._ZN3vex6threadD2Ev
                0x0000000003803750        0x4 /Users/njwolff/Library/Application Support/Code/User/globalStorage/vexrobotics.vexcode/sdk/cpp/V5/V5_20240802_15_00_00/vexv5/libv5rt.a(vex_thread.cpp.obj)
                0x0000000003803750                vex::thread::~thread()
                0x0000000003803750                vex::thread::~thread()
 .text._ZN3vex11this_thread9sleep_forEm
                0x0000000003803754        0x4 /Users/njwolff/Library/Application Support/Code/User/globalStorage/vexrobotics.vexcode/sdk/cpp/V5/V5_20240802_15_00_00/vexv5/libv5rt.a(vex_thread.cpp.obj)
                0x0000000003803754                vex::this_thread::sleep_for(unsigned long)
 .text._ZN3vex5event4initEmmPFvvE
                0x0000000003803758        0x4 /Users/njwolff/Library/Application Support/Code/User/globalStorage/vexrobotics.vexcode/sdk/cpp/V5/V5_20240802_15_00_00/vexv5/libv5rt.a(vex_event.cpp.obj)
                0x0000000003803758                vex::event::init(unsigned long, unsigned long, void (*)())
 .text._ZN3vex5event4initEmmPFvPvES1_
                0x000000000380375c        0x4 /Users/njwolff/Library/Application Support/Code/User/globalStorage/vexrobotics.vexcode/sdk/cpp/V5/V5_20240802_15_00_00/vexv5/libv5rt.a(vex_event.cpp.obj)
                0x000000000380375c                vex::event::init(unsigned long, unsigned long, void (*)(void*), void*)
 .text._ZN3vex5event9userindexEv
                0x0000000003803760        0x4 /Users/njwolff/Library/Application Support/Code/User/globalStorage/vexrobotics.vexcode/sdk/cpp/V5/V5_20240802_15_00_00/vexv5/libv5rt.a(vex_event.cpp.obj)
                0x0000000003803760                vex::event::userindex()
 .text._ZZN3vex6meventC4EmmENUlvE_4_FUNEv
                0x0000000003803764        0x4 /Users/njwolff/Library/Application Support/Code/User/globalStorage/vexrobotics.vexcode/sdk/cpp/V5/V5_20240802_15_00_00/vexv5/libv5rt.a(vex_mevent.cpp.obj)
 .text._ZN3vex6meventC2Emm
                0x0000000003803768       0x70 /Users/njwolff/Library/Application Support/Code/User/globalStorage/vexrobotics.vexcode/sdk/cpp/V5/V5_20240802_15_00_00/vexv5/libv5rt.a(vex_mevent.cpp.obj)
                0x0000000003803768                vex::mevent::mevent(unsigned long, unsigned long)
                0x0000000003803768                vex::mevent::mevent(unsigned long, unsigned long)
 .text._ZL9_hexDigitc
                0x00000000038037d8       0x48 /Users/njwolff/Library/Application Support/Code/User/globalStorage/vexrobotics.vexcode/sdk/cpp/V5/V5_20240802_15_00_00/vexv5/libv5rt.a(vex_brain.cpp.obj)
 .text._ZN3vex5brain9_getIndexEv
                0x0000000003803820       0x10 /Users/njwolff/Library/Application Support/Code/User/globalStorage/vexrobotics.vexcode/sdk/cpp/V5/V5_20240802_15_00_00/vexv5/libv5rt.a(vex_brain.cpp.obj)
                0x0000000003803820                vex::brain::_getIndex()
 .text._ZN3vex5brain3lcd9setCursorEll
                0x0000000003803830       0x44 /Users/njwolff/Library/Application Support/Code/User/globalStorage/vexrobotics.vexcode/sdk/cpp/V5/V5_20240802_15_00_00/vexv5/libv5rt.a(vex_brain.cpp.obj)
                0x0000000003803830                vex::brain::lcd::setCursor(long, long)
 .text._ZN3vex5brain3lcd7setFontENS_8fontTypeE
                0x0000000003803874      0x23c /Users/njwolff/Library/Application Support/Code/User/globalStorage/vexrobotics.vexcode/sdk/cpp/V5/V5_20240802_15_00_00/vexv5/libv5rt.a(vex_brain.cpp.obj)
                0x0000000003803874                vex::brain::lcd::setFont(vex::fontType)
 .text._ZN3vex5brain3lcdC2Ev
                0x0000000003803ab0       0x94 /Users/njwolff/Library/Application Support/Code/User/globalStorage/vexrobotics.vexcode/sdk/cpp/V5/V5_20240802_15_00_00/vexv5/libv5rt.a(vex_brain.cpp.obj)
                0x0000000003803ab0                vex::brain::lcd::lcd()
                0x0000000003803ab0                vex::brain::lcd::lcd()
 .text._ZN3vex5brainC2Ev
                0x0000000003803b44       0x3c /Users/njwolff/Library/Application Support/Code/User/globalStorage/vexrobotics.vexcode/sdk/cpp/V5/V5_20240802_15_00_00/vexv5/libv5rt.a(vex_brain.cpp.obj)
                0x0000000003803b44                vex::brain::brain()
                0x0000000003803b44                vex::brain::brain()
 .text._ZN3vex5brain3lcd12setFillColorERKNS_5colorE
                0x0000000003803b80       0x38 /Users/njwolff/Library/Application Support/Code/User/globalStorage/vexrobotics.vexcode/sdk/cpp/V5/V5_20240802_15_00_00/vexv5/libv5rt.a(vex_brain.cpp.obj)
                0x0000000003803b80                vex::brain::lcd::setFillColor(vex::color const&)
 .text._ZN3vex5brain3lcd7printAtEllPKcz
                0x0000000003803bb8       0x54 /Users/njwolff/Library/Application Support/Code/User/globalStorage/vexrobotics.vexcode/sdk/cpp/V5/V5_20240802_15_00_00/vexv5/libv5rt.a(vex_brain.cpp.obj)
                0x0000000003803bb8                vex::brain::lcd::printAt(long, long, char const*, ...)
 .text._ZN3vex5brain3lcd12_clearScreenEm
                0x0000000003803c0c       0x38 /Users/njwolff/Library/Application Support/Code/User/globalStorage/vexrobotics.vexcode/sdk/cpp/V5/V5_20240802_15_00_00/vexv5/libv5rt.a(vex_brain.cpp.obj)
                0x0000000003803c0c                vex::brain::lcd::_clearScreen(unsigned long)
 .text._ZN3vex5brain3lcd11clearScreenERKNS_5colorE
                0x0000000003803c44       0x20 /Users/njwolff/Library/Application Support/Code/User/globalStorage/vexrobotics.vexcode/sdk/cpp/V5/V5_20240802_15_00_00/vexv5/libv5rt.a(vex_brain.cpp.obj)
                0x0000000003803c44                vex::brain::lcd::clearScreen(vex::color const&)
 .text._ZN3vex5brain3lcd11clearScreenEv
                0x0000000003803c64       0x2c /Users/njwolff/Library/Application Support/Code/User/globalStorage/vexrobotics.vexcode/sdk/cpp/V5/V5_20240802_15_00_00/vexv5/libv5rt.a(vex_brain.cpp.obj)
                0x0000000003803c64                vex::brain::lcd::clearScreen()
 .text._ZN3vex5brain3lcd9drawPixelEii
                0x0000000003803c90       0x14 /Users/njwolff/Library/Application Support/Code/User/globalStorage/vexrobotics.vexcode/sdk/cpp/V5/V5_20240802_15_00_00/vexv5/libv5rt.a(vex_brain.cpp.obj)
                0x0000000003803c90                vex::brain::lcd::drawPixel(int, int)
 .text._ZN3vex5brain3lcd13drawRectangleEiiii
                0x0000000003803ca4       0xdc /Users/njwolff/Library/Application Support/Code/User/globalStorage/vexrobotics.vexcode/sdk/cpp/V5/V5_20240802_15_00_00/vexv5/libv5rt.a(vex_brain.cpp.obj)
                0x0000000003803ca4                vex::brain::lcd::drawRectangle(int, int, int, int)
 .text._ZN3vex5brain3lcd9xPositionEv
                0x0000000003803d80       0x24 /Users/njwolff/Library/Application Support/Code/User/globalStorage/vexrobotics.vexcode/sdk/cpp/V5/V5_20240802_15_00_00/vexv5/libv5rt.a(vex_brain.cpp.obj)
                0x0000000003803d80                vex::brain::lcd::xPosition()
 .text._ZN3vex5brain3lcd8pressingEv
                0x0000000003803da4       0x20 /Users/njwolff/Library/Application Support/Code/User/globalStorage/vexrobotics.vexcode/sdk/cpp/V5/V5_20240802_15_00_00/vexv5/libv5rt.a(vex_brain.cpp.obj)
                0x0000000003803da4                vex::brain::lcd::pressing()
 .text._ZN3vex5brain3lcd10rowToPixelEl
                0x0000000003803dc4       0x34 /Users/njwolff/Library/Application Support/Code/User/globalStorage/vexrobotics.vexcode/sdk/cpp/V5/V5_20240802_15_00_00/vexv5/libv5rt.a(vex_brain.cpp.obj)
                0x0000000003803dc4                vex::brain::lcd::rowToPixel(long)
 .text._ZN3vex5brain3lcd5printEPKcz
                0x0000000003803df8       0xb8 /Users/njwolff/Library/Application Support/Code/User/globalStorage/vexrobotics.vexcode/sdk/cpp/V5/V5_20240802_15_00_00/vexv5/libv5rt.a(vex_brain.cpp.obj)
                0x0000000003803df8                vex::brain::lcd::print(char const*, ...)
 .text._ZN3vex5brain3lcd13webColorToRgbEPKc
                0x0000000003803eb0       0x9c /Users/njwolff/Library/Application Support/Code/User/globalStorage/vexrobotics.vexcode/sdk/cpp/V5/V5_20240802_15_00_00/vexv5/libv5rt.a(vex_brain.cpp.obj)
                0x0000000003803eb0                vex::brain::lcd::webColorToRgb(char const*)
 .text._ZN3vex5brain3lcd11setPenColorEPKc
                0x0000000003803f4c       0x10 /Users/njwolff/Library/Application Support/Code/User/globalStorage/vexrobotics.vexcode/sdk/cpp/V5/V5_20240802_15_00_00/vexv5/libv5rt.a(vex_brain.cpp.obj)
                0x0000000003803f4c                vex::brain::lcd::setPenColor(char const*)
 .text._ZN3vex5brainD2Ev
                0x0000000003803f5c       0x20 /Users/njwolff/Library/Application Support/Code/User/globalStorage/vexrobotics.vexcode/sdk/cpp/V5/V5_20240802_15_00_00/vexv5/libv5rt.a(vex_brain.cpp.obj)
                0x0000000003803f5c                vex::brain::~brain()
                0x0000000003803f5c                vex::brain::~brain()
 .text._ZN3vex11competition8_disableEPv
                0x0000000003803f7c       0xa4 /Users/njwolff/Library/Application Support/Code/User/globalStorage/vexrobotics.vexcode/sdk/cpp/V5/V5_20240802_15_00_00/vexv5/libv5rt.a(vex_competition.cpp.obj)
                0x0000000003803f7c                vex::competition::_disable(void*)
 .text._ZN3vex11competition11_autonomousEv
                0x0000000003804020       0x80 /Users/njwolff/Library/Application Support/Code/User/globalStorage/vexrobotics.vexcode/sdk/cpp/V5/V5_20240802_15_00_00/vexv5/libv5rt.a(vex_competition.cpp.obj)
                0x0000000003804020                vex::competition::_autonomous()
 .text._ZN3vex11competition14_drivercontrolEv
                0x00000000038040a0       0x80 /Users/njwolff/Library/Application Support/Code/User/globalStorage/vexrobotics.vexcode/sdk/cpp/V5/V5_20240802_15_00_00/vexv5/libv5rt.a(vex_competition.cpp.obj)
                0x00000000038040a0                vex::competition::_drivercontrol()
 .text._ZN3vex11competitionC2Ev
                0x0000000003804120      0x13c /Users/njwolff/Library/Application Support/Code/User/globalStorage/vexrobotics.vexcode/sdk/cpp/V5/V5_20240802_15_00_00/vexv5/libv5rt.a(vex_competition.cpp.obj)
                0x0000000003804120                vex::competition::competition()
                0x0000000003804120                vex::competition::competition()
 .text._ZN3vex11competitionD2Ev
                0x000000000380425c        0x4 /Users/njwolff/Library/Application Support/Code/User/globalStorage/vexrobotics.vexcode/sdk/cpp/V5/V5_20240802_15_00_00/vexv5/libv5rt.a(vex_competition.cpp.obj)
                0x000000000380425c                vex::competition::~competition()
                0x000000000380425c                vex::competition::~competition()
 .text._ZN3vex11competition10autonomousEPFvvE
                0x0000000003804260       0x44 /Users/njwolff/Library/Application Support/Code/User/globalStorage/vexrobotics.vexcode/sdk/cpp/V5/V5_20240802_15_00_00/vexv5/libv5rt.a(vex_competition.cpp.obj)
                0x0000000003804260                vex::competition::autonomous(void (*)())
 .text._ZN3vex11competition13drivercontrolEPFvvE
                0x00000000038042a4       0x44 /Users/njwolff/Library/Application Support/Code/User/globalStorage/vexrobotics.vexcode/sdk/cpp/V5/V5_20240802_15_00_00/vexv5/libv5rt.a(vex_competition.cpp.obj)
                0x00000000038042a4                vex::competition::drivercontrol(void (*)())
 .text._ZN3vex7triportD2Ev
                0x00000000038042e8       0x38 /Users/njwolff/Library/Application Support/Code/User/globalStorage/vexrobotics.vexcode/sdk/cpp/V5/V5_20240802_15_00_00/vexv5/libv5rt.a(vex_triport.cpp.obj)
                0x00000000038042e8                vex::triport::~triport()
                0x00000000038042e8                vex::triport::~triport()
 .text._ZN3vex7triportD0Ev
                0x0000000003804320       0x1c /Users/njwolff/Library/Application Support/Code/User/globalStorage/vexrobotics.vexcode/sdk/cpp/V5/V5_20240802_15_00_00/vexv5/libv5rt.a(vex_triport.cpp.obj)
                0x0000000003804320                vex::triport::~triport()
 .text._ZN3vex7triport9installedEv
                0x000000000380433c       0x18 /Users/njwolff/Library/Application Support/Code/User/globalStorage/vexrobotics.vexcode/sdk/cpp/V5/V5_20240802_15_00_00/vexv5/libv5rt.a(vex_triport.cpp.obj)
                0x000000000380433c                vex::triport::installed()
 .text._ZN3vex7triport4portC2ElPS0_
                0x0000000003804354       0x74 /Users/njwolff/Library/Application Support/Code/User/globalStorage/vexrobotics.vexcode/sdk/cpp/V5/V5_20240802_15_00_00/vexv5/libv5rt.a(vex_triport.cpp.obj)
                0x0000000003804354                vex::triport::port::port(long, vex::triport*)
                0x0000000003804354                vex::triport::port::port(long, vex::triport*)
 .text._ZN3vex7triportC2El
                0x00000000038043c8       0xf0 /Users/njwolff/Library/Application Support/Code/User/globalStorage/vexrobotics.vexcode/sdk/cpp/V5/V5_20240802_15_00_00/vexv5/libv5rt.a(vex_triport.cpp.obj)
                0x00000000038043c8                vex::triport::triport(long)
                0x00000000038043c8                vex::triport::triport(long)
 .text._ZN3vex7triport4port4typeENS_11triportTypeE
                0x00000000038044b8       0x30 /Users/njwolff/Library/Application Support/Code/User/globalStorage/vexrobotics.vexcode/sdk/cpp/V5/V5_20240802_15_00_00/vexv5/libv5rt.a(vex_triport.cpp.obj)
                0x00000000038044b8                vex::triport::port::type(vex::triportType)
 .text._ZN3vex7triport4port4typeEv
                0x00000000038044e8       0x38 /Users/njwolff/Library/Application Support/Code/User/globalStorage/vexrobotics.vexcode/sdk/cpp/V5/V5_20240802_15_00_00/vexv5/libv5rt.a(vex_triport.cpp.obj)
                0x00000000038044e8                vex::triport::port::type()
 .text._ZN3vex7triport4port5valueEl
                0x0000000003804520       0x18 /Users/njwolff/Library/Application Support/Code/User/globalStorage/vexrobotics.vexcode/sdk/cpp/V5/V5_20240802_15_00_00/vexv5/libv5rt.a(vex_triport.cpp.obj)
                0x0000000003804520                vex::triport::port::value(long)
 .text._ZN3vex11__trideviceC2ERNS_7triport4portENS_11triportTypeE
                0x0000000003804538       0x5c /Users/njwolff/Library/Application Support/Code/User/globalStorage/vexrobotics.vexcode/sdk/cpp/V5/V5_20240802_15_00_00/vexv5/libv5rt.a(vex_triport.cpp.obj)
                0x0000000003804538                vex::__tridevice::__tridevice(vex::triport::port&, vex::triportType)
                0x0000000003804538                vex::__tridevice::__tridevice(vex::triport::port&, vex::triportType)
 .text._ZN3vex11digital_outC2ERNS_7triport4portE
                0x0000000003804594       0x18 /Users/njwolff/Library/Application Support/Code/User/globalStorage/vexrobotics.vexcode/sdk/cpp/V5/V5_20240802_15_00_00/vexv5/libv5rt.a(vex_triport.cpp.obj)
                0x0000000003804594                vex::digital_out::digital_out(vex::triport::port&)
                0x0000000003804594                vex::digital_out::digital_out(vex::triport::port&)
 .text._ZN3vex11digital_outD2Ev
                0x00000000038045ac        0x4 /Users/njwolff/Library/Application Support/Code/User/globalStorage/vexrobotics.vexcode/sdk/cpp/V5/V5_20240802_15_00_00/vexv5/libv5rt.a(vex_triport.cpp.obj)
                0x00000000038045ac                vex::digital_out::~digital_out()
                0x00000000038045ac                vex::digital_out::~digital_out()
 .text._ZN3vex11digital_out3setEb
                0x00000000038045b0        0x8 /Users/njwolff/Library/Application Support/Code/User/globalStorage/vexrobotics.vexcode/sdk/cpp/V5/V5_20240802_15_00_00/vexv5/libv5rt.a(vex_triport.cpp.obj)
                0x00000000038045b0                vex::digital_out::set(bool)
 .text._ZN3vex5colorD2Ev
                0x00000000038045b8        0x4 /Users/njwolff/Library/Application Support/Code/User/globalStorage/vexrobotics.vexcode/sdk/cpp/V5/V5_20240802_15_00_00/vexv5/libv5rt.a(vex_color.cpp.obj)
                0x00000000038045b8                vex::color::~color()
                0x00000000038045b8                vex::color::~color()
 .text._ZNK3vex5colorcvmEv
                0x00000000038045bc        0x8 /Users/njwolff/Library/Application Support/Code/User/globalStorage/vexrobotics.vexcode/sdk/cpp/V5/V5_20240802_15_00_00/vexv5/libv5rt.a(vex_color.cpp.obj)
                0x00000000038045bc                vex::color::operator unsigned long() const
 .text._ZNK3vex5color13isTransparentEv
                0x00000000038045c4        0x8 /Users/njwolff/Library/Application Support/Code/User/globalStorage/vexrobotics.vexcode/sdk/cpp/V5/V5_20240802_15_00_00/vexv5/libv5rt.a(vex_color.cpp.obj)
                0x00000000038045c4                vex::color::isTransparent() const
 .text.startup._GLOBAL__sub_I__ZN3vex5color5blackE
                0x00000000038045cc      0x164 /Users/njwolff/Library/Application Support/Code/User/globalStorage/vexrobotics.vexcode/sdk/cpp/V5/V5_20240802_15_00_00/vexv5/libv5rt.a(vex_color.cpp.obj)
 .text._ZN3vex5timerD2Ev
                0x0000000003804730        0x4 /Users/njwolff/Library/Application Support/Code/User/globalStorage/vexrobotics.vexcode/sdk/cpp/V5/V5_20240802_15_00_00/vexv5/libv5rt.a(vex_timer.cpp.obj)
                0x0000000003804730                vex::timer::~timer()
                0x0000000003804730                vex::timer::~timer()
 .text._ZN3vex5timer5clearEv
                0x0000000003804734       0x1c /Users/njwolff/Library/Application Support/Code/User/globalStorage/vexrobotics.vexcode/sdk/cpp/V5/V5_20240802_15_00_00/vexv5/libv5rt.a(vex_timer.cpp.obj)
                0x0000000003804734                vex::timer::clear()
 .text._ZN3vex5timerC2Ev
                0x0000000003804750       0x14 /Users/njwolff/Library/Application Support/Code/User/globalStorage/vexrobotics.vexcode/sdk/cpp/V5/V5_20240802_15_00_00/vexv5/libv5rt.a(vex_timer.cpp.obj)
                0x0000000003804750                vex::timer::timer()
                0x0000000003804750                vex::timer::timer()
 .text._ZN3vex11motor_group18motor_group_motorsC2Ev
                0x0000000003804764       0x28 /Users/njwolff/Library/Application Support/Code/User/globalStorage/vexrobotics.vexcode/sdk/cpp/V5/V5_20240802_15_00_00/vexv5/libv5rt.a(vex_motorgroup.cpp.obj)
                0x0000000003804764                vex::motor_group::motor_group_motors::motor_group_motors()
                0x0000000003804764                vex::motor_group::motor_group_motors::motor_group_motors()
 .text._ZN3vex11motor_group18motor_group_motorsC2ERKS1_
                0x000000000380478c       0x20 /Users/njwolff/Library/Application Support/Code/User/globalStorage/vexrobotics.vexcode/sdk/cpp/V5/V5_20240802_15_00_00/vexv5/libv5rt.a(vex_motorgroup.cpp.obj)
                0x000000000380478c                vex::motor_group::motor_group_motors::motor_group_motors(vex::motor_group::motor_group_motors const&)
                0x000000000380478c                vex::motor_group::motor_group_motors::motor_group_motors(vex::motor_group::motor_group_motors const&)
 .text._ZN3vex11motor_groupC2Ev
                0x00000000038047ac       0x1c /Users/njwolff/Library/Application Support/Code/User/globalStorage/vexrobotics.vexcode/sdk/cpp/V5/V5_20240802_15_00_00/vexv5/libv5rt.a(vex_motorgroup.cpp.obj)
                0x00000000038047ac                vex::motor_group::motor_group()
                0x00000000038047ac                vex::motor_group::motor_group()
 .text._ZN3vex11motor_groupD2Ev
                0x00000000038047c8        0x4 /Users/njwolff/Library/Application Support/Code/User/globalStorage/vexrobotics.vexcode/sdk/cpp/V5/V5_20240802_15_00_00/vexv5/libv5rt.a(vex_motorgroup.cpp.obj)
                0x00000000038047c8                vex::motor_group::~motor_group()
                0x00000000038047c8                vex::motor_group::~motor_group()
 .text._ZN3vex11motor_group9_addMotorERNS_5motorE
                0x00000000038047cc       0x20 /Users/njwolff/Library/Application Support/Code/User/globalStorage/vexrobotics.vexcode/sdk/cpp/V5/V5_20240802_15_00_00/vexv5/libv5rt.a(vex_motorgroup.cpp.obj)
                0x00000000038047cc                vex::motor_group::_addMotor(vex::motor&)
 .text._ZN3vex11motor_group11setVelocityEdNS_13velocityUnitsE
                0x00000000038047ec       0x4c /Users/njwolff/Library/Application Support/Code/User/globalStorage/vexrobotics.vexcode/sdk/cpp/V5/V5_20240802_15_00_00/vexv5/libv5rt.a(vex_motorgroup.cpp.obj)
                0x00000000038047ec                vex::motor_group::setVelocity(double, vex::velocityUnits)
 .text._ZN3vex11motor_group11setStoppingENS_9brakeTypeE
                0x0000000003804838       0x38 /Users/njwolff/Library/Application Support/Code/User/globalStorage/vexrobotics.vexcode/sdk/cpp/V5/V5_20240802_15_00_00/vexv5/libv5rt.a(vex_motorgroup.cpp.obj)
                0x0000000003804838                vex::motor_group::setStopping(vex::brakeType)
 .text._ZN3vex11motor_group4spinENS_13directionTypeE
                0x0000000003804870       0x38 /Users/njwolff/Library/Application Support/Code/User/globalStorage/vexrobotics.vexcode/sdk/cpp/V5/V5_20240802_15_00_00/vexv5/libv5rt.a(vex_motorgroup.cpp.obj)
                0x0000000003804870                vex::motor_group::spin(vex::directionType)
 .text._ZN3vex11motor_group4spinENS_13directionTypeEdNS_13velocityUnitsE
                0x00000000038048a8       0x54 /Users/njwolff/Library/Application Support/Code/User/globalStorage/vexrobotics.vexcode/sdk/cpp/V5/V5_20240802_15_00_00/vexv5/libv5rt.a(vex_motorgroup.cpp.obj)
                0x00000000038048a8                vex::motor_group::spin(vex::directionType, double, vex::velocityUnits)
 .text._ZN3vex11motor_group10isSpinningEv
                0x00000000038048fc       0x40 /Users/njwolff/Library/Application Support/Code/User/globalStorage/vexrobotics.vexcode/sdk/cpp/V5/V5_20240802_15_00_00/vexv5/libv5rt.a(vex_motorgroup.cpp.obj)
                0x00000000038048fc                vex::motor_group::isSpinning()
 .text._ZN3vex11motor_group6isDoneEv
                0x000000000380493c       0x14 /Users/njwolff/Library/Application Support/Code/User/globalStorage/vexrobotics.vexcode/sdk/cpp/V5/V5_20240802_15_00_00/vexv5/libv5rt.a(vex_motorgroup.cpp.obj)
                0x000000000380493c                vex::motor_group::isDone()
 .text._ZN3vex11motor_group14isSpinningModeEv
                0x0000000003804950       0x40 /Users/njwolff/Library/Application Support/Code/User/globalStorage/vexrobotics.vexcode/sdk/cpp/V5/V5_20240802_15_00_00/vexv5/libv5rt.a(vex_motorgroup.cpp.obj)
                0x0000000003804950                vex::motor_group::isSpinningMode()
 .text._ZN3vex11motor_group4stopEv
                0x0000000003804990       0x30 /Users/njwolff/Library/Application Support/Code/User/globalStorage/vexrobotics.vexcode/sdk/cpp/V5/V5_20240802_15_00_00/vexv5/libv5rt.a(vex_motorgroup.cpp.obj)
                0x0000000003804990                vex::motor_group::stop()
 .text._ZN3vex11motor_group20waitForCompletionAllEv
                0x00000000038049c0       0x60 /Users/njwolff/Library/Application Support/Code/User/globalStorage/vexrobotics.vexcode/sdk/cpp/V5/V5_20240802_15_00_00/vexv5/libv5rt.a(vex_motorgroup.cpp.obj)
                0x00000000038049c0                vex::motor_group::waitForCompletionAll()
 .text._ZN3vex11motor_group7spinForENS_13directionTypeEdNS_13rotationUnitsEdNS_13velocityUnitsEb
                0x0000000003804a20       0xa8 /Users/njwolff/Library/Application Support/Code/User/globalStorage/vexrobotics.vexcode/sdk/cpp/V5/V5_20240802_15_00_00/vexv5/libv5rt.a(vex_motorgroup.cpp.obj)
                0x0000000003804a20                vex::motor_group::spinFor(vex::directionType, double, vex::rotationUnits, double, vex::velocityUnits, bool)
 .text._ZN3vex11motor_group7spinForENS_13directionTypeEdNS_13rotationUnitsEb
                0x0000000003804ac8       0x80 /Users/njwolff/Library/Application Support/Code/User/globalStorage/vexrobotics.vexcode/sdk/cpp/V5/V5_20240802_15_00_00/vexv5/libv5rt.a(vex_motorgroup.cpp.obj)
                0x0000000003804ac8                vex::motor_group::spinFor(vex::directionType, double, vex::rotationUnits, bool)
 .text._ZN3vex10drivetrainD2Ev
                0x0000000003804b48       0x28 /Users/njwolff/Library/Application Support/Code/User/globalStorage/vexrobotics.vexcode/sdk/cpp/V5/V5_20240802_15_00_00/vexv5/libv5rt.a(vex_drivetrain.cpp.obj)
                0x0000000003804b48                vex::drivetrain::~drivetrain()
                0x0000000003804b48                vex::drivetrain::~drivetrain()
 .text._ZN3vex10drivetrainD0Ev
                0x0000000003804b70       0x1c /Users/njwolff/Library/Application Support/Code/User/globalStorage/vexrobotics.vexcode/sdk/cpp/V5/V5_20240802_15_00_00/vexv5/libv5rt.a(vex_drivetrain.cpp.obj)
                0x0000000003804b70                vex::drivetrain::~drivetrain()
 .text._ZN3vex10drivetrain8isMovingEv
                0x0000000003804b8c       0x24 /Users/njwolff/Library/Application Support/Code/User/globalStorage/vexrobotics.vexcode/sdk/cpp/V5/V5_20240802_15_00_00/vexv5/libv5rt.a(vex_drivetrain.cpp.obj)
                0x0000000003804b8c                vex::drivetrain::isMoving()
 .text._ZN3vex10drivetrain16setDriveVelocityEdNS_13velocityUnitsE
                0x0000000003804bb0       0x48 /Users/njwolff/Library/Application Support/Code/User/globalStorage/vexrobotics.vexcode/sdk/cpp/V5/V5_20240802_15_00_00/vexv5/libv5rt.a(vex_drivetrain.cpp.obj)
                0x0000000003804bb0                vex::drivetrain::setDriveVelocity(double, vex::velocityUnits)
 .text._ZN3vex10drivetrain12setGearRatioEd
                0x0000000003804bf8       0x54 /Users/njwolff/Library/Application Support/Code/User/globalStorage/vexrobotics.vexcode/sdk/cpp/V5/V5_20240802_15_00_00/vexv5/libv5rt.a(vex_drivetrain.cpp.obj)
                0x0000000003804bf8                vex::drivetrain::setGearRatio(double)
 .text._ZN3vex10drivetrain16setDriveVelocityEdNS_12percentUnitsE
                0x0000000003804c4c        0x4 /Users/njwolff/Library/Application Support/Code/User/globalStorage/vexrobotics.vexcode/sdk/cpp/V5/V5_20240802_15_00_00/vexv5/libv5rt.a(vex_drivetrain.cpp.obj)
                0x0000000003804c4c                vex::drivetrain::setDriveVelocity(double, vex::percentUnits)
 .text._ZN3vex10drivetrain11setStoppingENS_9brakeTypeE
                0x0000000003804c50       0x24 /Users/njwolff/Library/Application Support/Code/User/globalStorage/vexrobotics.vexcode/sdk/cpp/V5/V5_20240802_15_00_00/vexv5/libv5rt.a(vex_drivetrain.cpp.obj)
                0x0000000003804c50                vex::drivetrain::setStopping(vex::brakeType)
 .text._ZN3vex10drivetrain10timeoutGetEv
                0x0000000003804c74        0x8 /Users/njwolff/Library/Application Support/Code/User/globalStorage/vexrobotics.vexcode/sdk/cpp/V5/V5_20240802_15_00_00/vexv5/libv5rt.a(vex_drivetrain.cpp.obj)
                0x0000000003804c74                vex::drivetrain::timeoutGet()
 .text._ZN3vex10drivetrain5driveENS_13directionTypeE
                0x0000000003804c7c       0x2c /Users/njwolff/Library/Application Support/Code/User/globalStorage/vexrobotics.vexcode/sdk/cpp/V5/V5_20240802_15_00_00/vexv5/libv5rt.a(vex_drivetrain.cpp.obj)
                0x0000000003804c7c                vex::drivetrain::drive(vex::directionType)
 .text._ZN3vex10drivetrain4turnENS_8turnTypeE
                0x0000000003804ca8       0x50 /Users/njwolff/Library/Application Support/Code/User/globalStorage/vexrobotics.vexcode/sdk/cpp/V5/V5_20240802_15_00_00/vexv5/libv5rt.a(vex_drivetrain.cpp.obj)
                0x0000000003804ca8                vex::drivetrain::turn(vex::turnType)
 .text._ZN3vex10drivetrain15setTurnVelocityEdNS_13velocityUnitsE
                0x0000000003804cf8       0x28 /Users/njwolff/Library/Application Support/Code/User/globalStorage/vexrobotics.vexcode/sdk/cpp/V5/V5_20240802_15_00_00/vexv5/libv5rt.a(vex_drivetrain.cpp.obj)
                0x0000000003804cf8                vex::drivetrain::setTurnVelocity(double, vex::velocityUnits)
 .text._ZN3vex10drivetrain4turnENS_8turnTypeEdNS_13velocityUnitsE
                0x0000000003804d20       0x6c /Users/njwolff/Library/Application Support/Code/User/globalStorage/vexrobotics.vexcode/sdk/cpp/V5/V5_20240802_15_00_00/vexv5/libv5rt.a(vex_drivetrain.cpp.obj)
                0x0000000003804d20                vex::drivetrain::turn(vex::turnType, double, vex::velocityUnits)
 .text._ZN3vex10drivetrain6isDoneEv
                0x0000000003804d8c       0x14 /Users/njwolff/Library/Application Support/Code/User/globalStorage/vexrobotics.vexcode/sdk/cpp/V5/V5_20240802_15_00_00/vexv5/libv5rt.a(vex_drivetrain.cpp.obj)
                0x0000000003804d8c                vex::drivetrain::isDone()
 .text._ZN3vex10drivetrain4stopEv
                0x0000000003804da0       0x24 /Users/njwolff/Library/Application Support/Code/User/globalStorage/vexrobotics.vexcode/sdk/cpp/V5/V5_20240802_15_00_00/vexv5/libv5rt.a(vex_drivetrain.cpp.obj)
                0x0000000003804da0                vex::drivetrain::stop()
 .text._ZN3vex10drivetrain21_waitForCompletionAllEv
                0x0000000003804dc4       0x80 /Users/njwolff/Library/Application Support/Code/User/globalStorage/vexrobotics.vexcode/sdk/cpp/V5/V5_20240802_15_00_00/vexv5/libv5rt.a(vex_drivetrain.cpp.obj)
                0x0000000003804dc4                vex::drivetrain::_waitForCompletionAll()
 *fill*         0x0000000003804e44        0x4 
 .text._ZN3vex10drivetrain12distanceToMmEdNS_13distanceUnitsE
                0x0000000003804e48       0x38 /Users/njwolff/Library/Application Support/Code/User/globalStorage/vexrobotics.vexcode/sdk/cpp/V5/V5_20240802_15_00_00/vexv5/libv5rt.a(vex_drivetrain.cpp.obj)
                0x0000000003804e48                vex::drivetrain::distanceToMm(double, vex::distanceUnits)
 .text._ZN3vex10drivetrainC2ERNS_11motor_groupES2_dddNS_13distanceUnitsEd
                0x0000000003804e80      0x110 /Users/njwolff/Library/Application Support/Code/User/globalStorage/vexrobotics.vexcode/sdk/cpp/V5/V5_20240802_15_00_00/vexv5/libv5rt.a(vex_drivetrain.cpp.obj)
                0x0000000003804e80                vex::drivetrain::drivetrain(vex::motor_group&, vex::motor_group&, double, double, double, vex::distanceUnits, double)
                0x0000000003804e80                vex::drivetrain::drivetrain(vex::motor_group&, vex::motor_group&, double, double, double, vex::distanceUnits, double)
 .text._ZN3vex10drivetrain14distanceToRevsEdNS_13distanceUnitsE
                0x0000000003804f90       0x34 /Users/njwolff/Library/Application Support/Code/User/globalStorage/vexrobotics.vexcode/sdk/cpp/V5/V5_20240802_15_00_00/vexv5/libv5rt.a(vex_drivetrain.cpp.obj)
                0x0000000003804f90                vex::drivetrain::distanceToRevs(double, vex::distanceUnits)
 .text._ZN3vex10drivetrain8driveForENS_13directionTypeEdNS_13distanceUnitsEb
                0x0000000003804fc4       0x90 /Users/njwolff/Library/Application Support/Code/User/globalStorage/vexrobotics.vexcode/sdk/cpp/V5/V5_20240802_15_00_00/vexv5/libv5rt.a(vex_drivetrain.cpp.obj)
                0x0000000003804fc4                vex::drivetrain::driveFor(vex::directionType, double, vex::distanceUnits, bool)
 .text._ZN3vex10drivetrain8driveForEdNS_13distanceUnitsEb
                0x0000000003805054       0x10 /Users/njwolff/Library/Application Support/Code/User/globalStorage/vexrobotics.vexcode/sdk/cpp/V5/V5_20240802_15_00_00/vexv5/libv5rt.a(vex_drivetrain.cpp.obj)
                0x0000000003805054                vex::drivetrain::driveFor(double, vex::distanceUnits, bool)
 .text._ZN3vex10drivetrain8driveForENS_13directionTypeEdNS_13distanceUnitsEdNS_13velocityUnitsEb
                0x0000000003805064       0xc8 /Users/njwolff/Library/Application Support/Code/User/globalStorage/vexrobotics.vexcode/sdk/cpp/V5/V5_20240802_15_00_00/vexv5/libv5rt.a(vex_drivetrain.cpp.obj)
                0x0000000003805064                vex::drivetrain::driveFor(vex::directionType, double, vex::distanceUnits, double, vex::velocityUnits, bool)
 .text._ZN3vex10drivetrain8driveForEdNS_13distanceUnitsEdNS_13velocityUnitsEb
                0x000000000380512c       0x18 /Users/njwolff/Library/Application Support/Code/User/globalStorage/vexrobotics.vexcode/sdk/cpp/V5/V5_20240802_15_00_00/vexv5/libv5rt.a(vex_drivetrain.cpp.obj)
                0x000000000380512c                vex::drivetrain::driveFor(double, vex::distanceUnits, double, vex::velocityUnits, bool)
 *fill*         0x0000000003805144        0x4 
 .text._ZN3vex10drivetrain11angleToRevsEdNS_13rotationUnitsE
                0x0000000003805148       0x98 /Users/njwolff/Library/Application Support/Code/User/globalStorage/vexrobotics.vexcode/sdk/cpp/V5/V5_20240802_15_00_00/vexv5/libv5rt.a(vex_drivetrain.cpp.obj)
                0x0000000003805148                vex::drivetrain::angleToRevs(double, vex::rotationUnits)
 .text._ZN3vex10drivetrain7turnForENS_8turnTypeEdNS_13rotationUnitsEb
                0x00000000038051e0       0xbc /Users/njwolff/Library/Application Support/Code/User/globalStorage/vexrobotics.vexcode/sdk/cpp/V5/V5_20240802_15_00_00/vexv5/libv5rt.a(vex_drivetrain.cpp.obj)
                0x00000000038051e0                vex::drivetrain::turnFor(vex::turnType, double, vex::rotationUnits, bool)
 .text._ZN3vex10drivetrain7turnForEdNS_13rotationUnitsEb
                0x000000000380529c       0x10 /Users/njwolff/Library/Application Support/Code/User/globalStorage/vexrobotics.vexcode/sdk/cpp/V5/V5_20240802_15_00_00/vexv5/libv5rt.a(vex_drivetrain.cpp.obj)
                0x000000000380529c                vex::drivetrain::turnFor(double, vex::rotationUnits, bool)
 .text._ZN3vex10drivetrain7turnForENS_8turnTypeEdNS_13rotationUnitsEdNS_13velocityUnitsEb
                0x00000000038052ac       0xd0 /Users/njwolff/Library/Application Support/Code/User/globalStorage/vexrobotics.vexcode/sdk/cpp/V5/V5_20240802_15_00_00/vexv5/libv5rt.a(vex_drivetrain.cpp.obj)
                0x00000000038052ac                vex::drivetrain::turnFor(vex::turnType, double, vex::rotationUnits, double, vex::velocityUnits, bool)
 .text._ZN3vex10drivetrain7turnForEdNS_13rotationUnitsEdNS_13velocityUnitsEb
                0x000000000380537c       0x18 /Users/njwolff/Library/Application Support/Code/User/globalStorage/vexrobotics.vexcode/sdk/cpp/V5/V5_20240802_15_00_00/vexv5/libv5rt.a(vex_drivetrain.cpp.obj)
                0x000000000380537c                vex::drivetrain::turnFor(double, vex::rotationUnits, double, vex::velocityUnits, bool)
 .text._ZN3vex10smartdriveD2Ev
                0x0000000003805394       0x3c /Users/njwolff/Library/Application Support/Code/User/globalStorage/vexrobotics.vexcode/sdk/cpp/V5/V5_20240802_15_00_00/vexv5/libv5rt.a(vex_smartdrive.cpp.obj)
                0x0000000003805394                vex::smartdrive::~smartdrive()
                0x0000000003805394                vex::smartdrive::~smartdrive()
 .text._ZN3vex10smartdriveD0Ev
                0x00000000038053d0       0x1c /Users/njwolff/Library/Application Support/Code/User/globalStorage/vexrobotics.vexcode/sdk/cpp/V5/V5_20240802_15_00_00/vexv5/libv5rt.a(vex_smartdrive.cpp.obj)
                0x00000000038053d0                vex::smartdrive::~smartdrive()
 .text._ZN3vex10smartdrive23setTurnDirectionReverseEb
                0x00000000038053ec       0x20 /Users/njwolff/Library/Application Support/Code/User/globalStorage/vexrobotics.vexcode/sdk/cpp/V5/V5_20240802_15_00_00/vexv5/libv5rt.a(vex_smartdrive.cpp.obj)
                0x00000000038053ec                vex::smartdrive::setTurnDirectionReverse(bool)
 .text._ZN3vex10smartdriveC2ERNS_11motor_groupES2_RNS_5guidoEdddNS_13distanceUnitsEd
                0x000000000380540c       0xb4 /Users/njwolff/Library/Application Support/Code/User/globalStorage/vexrobotics.vexcode/sdk/cpp/V5/V5_20240802_15_00_00/vexv5/libv5rt.a(vex_smartdrive.cpp.obj)
                0x000000000380540c                vex::smartdrive::smartdrive(vex::motor_group&, vex::motor_group&, vex::guido&, double, double, double, vex::distanceUnits, double)
                0x000000000380540c                vex::smartdrive::smartdrive(vex::motor_group&, vex::motor_group&, vex::guido&, double, double, double, vex::distanceUnits, double)
 .text._ZN3vex10smartdrive8rotationENS_13rotationUnitsE
                0x00000000038054c0       0x10 /Users/njwolff/Library/Application Support/Code/User/globalStorage/vexrobotics.vexcode/sdk/cpp/V5/V5_20240802_15_00_00/vexv5/libv5rt.a(vex_smartdrive.cpp.obj)
                0x00000000038054c0                vex::smartdrive::rotation(vex::rotationUnits)
 .text._ZN3vex10smartdrive9isTurningEv
                0x00000000038054d0       0x1c /Users/njwolff/Library/Application Support/Code/User/globalStorage/vexrobotics.vexcode/sdk/cpp/V5/V5_20240802_15_00_00/vexv5/libv5rt.a(vex_smartdrive.cpp.obj)
                0x00000000038054d0                vex::smartdrive::isTurning()
 .text._ZN3vex10smartdrive11_initeventsEv
                0x00000000038054ec       0x50 /Users/njwolff/Library/Application Support/Code/User/globalStorage/vexrobotics.vexcode/sdk/cpp/V5/V5_20240802_15_00_00/vexv5/libv5rt.a(vex_smartdrive.cpp.obj)
                0x00000000038054ec                vex::smartdrive::_initevents()
 .text._ZN3vex10smartdrive22_testForCompletionGyroEv
                0x000000000380553c       0xd4 /Users/njwolff/Library/Application Support/Code/User/globalStorage/vexrobotics.vexcode/sdk/cpp/V5/V5_20240802_15_00_00/vexv5/libv5rt.a(vex_smartdrive.cpp.obj)
                0x000000000380553c                vex::smartdrive::_testForCompletionGyro()
 .text._ZN3vex10smartdrive9_gyrotaskEPv
                0x0000000003805610       0x94 /Users/njwolff/Library/Application Support/Code/User/globalStorage/vexrobotics.vexcode/sdk/cpp/V5/V5_20240802_15_00_00/vexv5/libv5rt.a(vex_smartdrive.cpp.obj)
                0x0000000003805610                vex::smartdrive::_gyrotask(void*)
 .text._ZN3vex10smartdrive22_waitForCompletionGyroEv
                0x00000000038056a4       0xa8 /Users/njwolff/Library/Application Support/Code/User/globalStorage/vexrobotics.vexcode/sdk/cpp/V5/V5_20240802_15_00_00/vexv5/libv5rt.a(vex_smartdrive.cpp.obj)
                0x00000000038056a4                vex::smartdrive::_waitForCompletionGyro()
 *fill*         0x000000000380574c        0x4 
 .text._ZN3vex10smartdrive7turnForENS_8turnTypeEdNS_13rotationUnitsEdNS_13velocityUnitsEb
                0x0000000003805750      0x160 /Users/njwolff/Library/Application Support/Code/User/globalStorage/vexrobotics.vexcode/sdk/cpp/V5/V5_20240802_15_00_00/vexv5/libv5rt.a(vex_smartdrive.cpp.obj)
                0x0000000003805750                vex::smartdrive::turnFor(vex::turnType, double, vex::rotationUnits, double, vex::velocityUnits, bool)
 .text._ZN3vex10smartdrive7turnForENS_8turnTypeEdNS_13rotationUnitsEb
                0x00000000038058b0       0x34 /Users/njwolff/Library/Application Support/Code/User/globalStorage/vexrobotics.vexcode/sdk/cpp/V5/V5_20240802_15_00_00/vexv5/libv5rt.a(vex_smartdrive.cpp.obj)
                0x00000000038058b0                vex::smartdrive::turnFor(vex::turnType, double, vex::rotationUnits, bool)
 .text._ZN3vex10smartdrive7turnForEdNS_13rotationUnitsEb
                0x00000000038058e4       0x10 /Users/njwolff/Library/Application Support/Code/User/globalStorage/vexrobotics.vexcode/sdk/cpp/V5/V5_20240802_15_00_00/vexv5/libv5rt.a(vex_smartdrive.cpp.obj)
                0x00000000038058e4                vex::smartdrive::turnFor(double, vex::rotationUnits, bool)
 .text._ZN3vex10smartdrive7turnForEdNS_13rotationUnitsEdNS_13velocityUnitsEb
                0x00000000038058f4       0x18 /Users/njwolff/Library/Application Support/Code/User/globalStorage/vexrobotics.vexcode/sdk/cpp/V5/V5_20240802_15_00_00/vexv5/libv5rt.a(vex_smartdrive.cpp.obj)
                0x00000000038058f4                vex::smartdrive::turnFor(double, vex::rotationUnits, double, vex::velocityUnits, bool)
 .text._ZN3vex10smartdrive8isMovingEv
                0x000000000380590c       0x20 /Users/njwolff/Library/Application Support/Code/User/globalStorage/vexrobotics.vexcode/sdk/cpp/V5/V5_20240802_15_00_00/vexv5/libv5rt.a(vex_smartdrive.cpp.obj)
                0x000000000380590c                vex::smartdrive::isMoving()
 .text.vexAdiPortConfigSet
                0x000000000380592c       0x28 /Users/njwolff/Library/Application Support/Code/User/globalStorage/vexrobotics.vexcode/sdk/cpp/V5/V5_20240802_15_00_00/vexv5/libv5rt.a(v5_apiuser.c.obj)
                0x000000000380592c                vexAdiPortConfigSet
 .text.vexAdiPortConfigGet